Oct 20 18:47:08 beaglebone rsyslogd: [origin software="rsyslogd" swVersion="8.4.2" x-pid="815" x-info="http://www.rsyslog.com"] start
Oct 20 18:47:09 beaglebone kernel: [    0.000000] Booting Linux on physical CPU 0x0
Oct 20 18:47:09 beaglebone kernel: [    0.000000] Initializing cgroup subsys cpuset
Oct 20 18:47:09 beaglebone kernel: [    0.000000] Initializing cgroup subsys cpu
Oct 20 18:47:09 beaglebone kernel: [    0.000000] Initializing cgroup subsys cpuacct
Oct 20 18:47:09 beaglebone kernel: [    0.000000] Linux version 4.4.24-ti-r58 (root@a2-imx6q-wandboard-2gb) (gcc version 4.9.2 (Debian 4.9.2-10) ) #1 SMP Thu Oct 20 17:16:05 UTC 2016
Oct 20 18:47:09 beaglebone kernel: [    0.000000] CPU: ARMv7 Processor [413fc082] revision 2 (ARMv7), cr=50c5387d
Oct 20 18:47:09 beaglebone kernel: [    0.000000] CPU: PIPT / VIPT nonaliasing data cache, VIPT aliasing instruction cache
Oct 20 18:47:09 beaglebone kernel: [    0.000000] Machine model: TI AM335x BeagleBone Green Wireless
Oct 20 18:47:09 beaglebone kernel: [    0.000000] cma: Reserved 48 MiB at 0x9c800000
Oct 20 18:47:09 beaglebone kernel: [    0.000000] Memory policy: Data cache writeback
Oct 20 18:47:09 beaglebone kernel: [    0.000000] On node 0 totalpages: 130560
Oct 20 18:47:09 beaglebone kernel: [    0.000000] free_area_init_node: node 0, pgdat c0c7ed40, node_mem_map df961000
Oct 20 18:47:09 beaglebone kernel: [    0.000000]   Normal zone: 1152 pages used for memmap
Oct 20 18:47:09 beaglebone kernel: [    0.000000]   Normal zone: 0 pages reserved
Oct 20 18:47:09 beaglebone kernel: [    0.000000]   Normal zone: 130560 pages, LIFO batch:31
Oct 20 18:47:09 beaglebone kernel: [    0.000000] CPU: All CPU(s) started in SVC mode.
Oct 20 18:47:09 beaglebone kernel: [    0.000000] AM335X ES2.1 (sgx neon )
Oct 20 18:47:09 beaglebone kernel: [    0.000000] PERCPU: Embedded 13 pages/cpu @df917000 s24320 r8192 d20736 u53248
Oct 20 18:47:09 beaglebone kernel: [    0.000000] pcpu-alloc: s24320 r8192 d20736 u53248 alloc=13*4096
Oct 20 18:47:09 beaglebone kernel: [    0.000000] pcpu-alloc: [0] 0 
Oct 20 18:47:09 beaglebone kernel: [    0.000000] Built 1 zonelists in Zone order, mobility grouping on.  Total pages: 129408
Oct 20 18:47:09 beaglebone kernel: [    0.000000] Kernel command line: console=ttyO0,115200n8 root=UUID=cf0d44d3-44c2-418f-ba88-c138c5c62003 ro rootfstype=ext4 rootwait coherent_pool=1M quiet cape_universal=enable
Oct 20 18:47:09 beaglebone kernel: [    0.000000] PID hash table entries: 2048 (order: 1, 8192 bytes)
Oct 20 18:47:09 beaglebone kernel: [    0.000000] Dentry cache hash table entries: 65536 (order: 6, 262144 bytes)
Oct 20 18:47:09 beaglebone kernel: [    0.000000] Inode-cache hash table entries: 32768 (order: 5, 131072 bytes)
Oct 20 18:47:09 beaglebone kernel: [    0.000000] Memory: 448840K/522240K available (7548K kernel code, 915K rwdata, 3788K rodata, 612K init, 907K bss, 24248K reserved, 49152K cma-reserved, 0K highmem)
Oct 20 18:47:09 beaglebone kernel: [    0.000000] Virtual kernel memory layout:
Oct 20 18:47:09 beaglebone kernel: [    0.000000]     vector  : 0xffff0000 - 0xffff1000   (   4 kB)
Oct 20 18:47:09 beaglebone kernel: [    0.000000]     fixmap  : 0xffc00000 - 0xfff00000   (3072 kB)
Oct 20 18:47:09 beaglebone kernel: [    0.000000]     vmalloc : 0xe0800000 - 0xff800000   ( 496 MB)
Oct 20 18:47:09 beaglebone kernel: [    0.000000]     lowmem  : 0xc0000000 - 0xe0000000   ( 512 MB)
Oct 20 18:47:09 beaglebone kernel: [    0.000000]     pkmap   : 0xbfe00000 - 0xc0000000   (   2 MB)
Oct 20 18:47:09 beaglebone kernel: [    0.000000]     modules : 0xbf800000 - 0xbfe00000   (   6 MB)
Oct 20 18:47:09 beaglebone kernel: [    0.000000]       .text : 0xc0008000 - 0xc0b1a354   (11337 kB)
Oct 20 18:47:09 beaglebone kernel: [    0.000000]       .init : 0xc0b1b000 - 0xc0bb4000   ( 612 kB)
Oct 20 18:47:09 beaglebone kernel: [    0.000000]       .data : 0xc0bb4000 - 0xc0c98ee8   ( 916 kB)
Oct 20 18:47:09 beaglebone kernel: [    0.000000]        .bss : 0xc0c9b000 - 0xc0d7dfa8   ( 908 kB)
Oct 20 18:47:09 beaglebone kernel: [    0.000000] SLUB: HWalign=64, Order=0-3, MinObjects=0, CPUs=1, Nodes=1
Oct 20 18:47:09 beaglebone kernel: [    0.000000] Hierarchical RCU implementation.
Oct 20 18:47:09 beaglebone kernel: [    0.000000] 	Build-time adjustment of leaf fanout to 32.
Oct 20 18:47:09 beaglebone kernel: [    0.000000] 	RCU restricting CPUs from NR_CPUS=2 to nr_cpu_ids=1.
Oct 20 18:47:09 beaglebone kernel: [    0.000000] RCU: Adjusting geometry for rcu_fanout_leaf=32, nr_cpu_ids=1
Oct 20 18:47:09 beaglebone kernel: [    0.000000] NR_IRQS:16 nr_irqs:16 16
Oct 20 18:47:09 beaglebone kernel: [    0.000000] IRQ: Found an INTC at 0xfa200000 (revision 5.0) with 128 interrupts
Oct 20 18:47:09 beaglebone kernel: [    0.000000] OMAP clockevent source: timer2 at 24000000 Hz
Oct 20 18:47:09 beaglebone kernel: [    0.000011] sched_clock: 32 bits at 24MHz, resolution 41ns, wraps every 89478484971ns
Oct 20 18:47:09 beaglebone kernel: [    0.000030] clocksource: timer1: mask: 0xffffffff max_cycles: 0xffffffff, max_idle_ns: 79635851949 ns
Oct 20 18:47:09 beaglebone kernel: [    0.000042] OMAP clocksource: timer1 at 24000000 Hz
Oct 20 18:47:09 beaglebone kernel: [    0.001244] clocksource_probe: no matching clocksources found
Oct 20 18:47:09 beaglebone kernel: [    0.001433] Console: colour dummy device 80x30
Oct 20 18:47:09 beaglebone kernel: [    0.001460] WARNING: Your 'console=ttyO0' has been replaced by 'ttyS0'
Oct 20 18:47:09 beaglebone kernel: [    0.001468] This ensures that you still see kernel messages. Please
Oct 20 18:47:09 beaglebone kernel: [    0.001473] update your kernel commandline.
Oct 20 18:47:09 beaglebone kernel: [    0.001490] Calibrating delay loop... 995.32 BogoMIPS (lpj=1990656)
Oct 20 18:47:09 beaglebone kernel: [    0.046888] pid_max: default: 32768 minimum: 301
Oct 20 18:47:09 beaglebone kernel: [    0.047027] Security Framework initialized
Oct 20 18:47:09 beaglebone kernel: [    0.047039] Yama: becoming mindful.
Oct 20 18:47:09 beaglebone kernel: [    0.047071] AppArmor: AppArmor disabled by boot time parameter
Oct 20 18:47:09 beaglebone kernel: [    0.047229] Mount-cache hash table entries: 1024 (order: 0, 4096 bytes)
Oct 20 18:47:09 beaglebone kernel: [    0.047242] Mountpoint-cache hash table entries: 1024 (order: 0, 4096 bytes)
Oct 20 18:47:09 beaglebone kernel: [    0.048023] Initializing cgroup subsys io
Oct 20 18:47:09 beaglebone kernel: [    0.048053] Initializing cgroup subsys memory
Oct 20 18:47:09 beaglebone kernel: [    0.048097] Initializing cgroup subsys devices
Oct 20 18:47:09 beaglebone kernel: [    0.048115] Initializing cgroup subsys freezer
Oct 20 18:47:09 beaglebone kernel: [    0.048131] Initializing cgroup subsys net_cls
Oct 20 18:47:09 beaglebone kernel: [    0.048145] Initializing cgroup subsys perf_event
Oct 20 18:47:09 beaglebone kernel: [    0.048160] Initializing cgroup subsys net_prio
Oct 20 18:47:09 beaglebone kernel: [    0.048182] Initializing cgroup subsys pids
Oct 20 18:47:09 beaglebone kernel: [    0.048232] CPU: Testing write buffer coherency: ok
Oct 20 18:47:09 beaglebone kernel: [    0.048286] ftrace: allocating 34600 entries in 68 pages
Oct 20 18:47:09 beaglebone kernel: [    0.134252] CPU0: thread -1, cpu 0, socket -1, mpidr 0
Oct 20 18:47:09 beaglebone kernel: [    0.134370] Setting up static identity map for 0x80008240 - 0x8000828c
Oct 20 18:47:09 beaglebone kernel: [    0.138176] Brought up 1 CPUs
Oct 20 18:47:09 beaglebone kernel: [    0.138198] SMP: Total of 1 processors activated (995.32 BogoMIPS).
Oct 20 18:47:09 beaglebone kernel: [    0.138207] CPU: All CPU(s) started in SVC mode.
Oct 20 18:47:09 beaglebone kernel: [    0.139781] devtmpfs: initialized
Oct 20 18:47:09 beaglebone kernel: [    0.159486] VFP support v0.3: implementor 41 architecture 3 part 30 variant c rev 3
Oct 20 18:47:09 beaglebone kernel: [    0.177866] omap_hwmod: debugss: _wait_target_disable failed
Oct 20 18:47:09 beaglebone kernel: [    0.231694] clocksource: jiffies: mask: 0xffffffff max_cycles: 0xffffffff, max_idle_ns: 7645041785100000 ns
Oct 20 18:47:09 beaglebone kernel: [    0.235460] xor: measuring software checksum speed
Oct 20 18:47:09 beaglebone kernel: [    0.274887]    arm4regs  :  1221.000 MB/sec
Oct 20 18:47:09 beaglebone kernel: [    0.314894]    8regs     :  1094.000 MB/sec
Oct 20 18:47:09 beaglebone kernel: [    0.354886]    32regs    :  1153.000 MB/sec
Oct 20 18:47:09 beaglebone kernel: [    0.394885]    neon      :  1755.000 MB/sec
Oct 20 18:47:09 beaglebone kernel: [    0.394892] xor: using function: neon (1755.000 MB/sec)
Oct 20 18:47:09 beaglebone kernel: [    0.394992] pinctrl core: initialized pinctrl subsystem
Oct 20 18:47:09 beaglebone kernel: [    0.396952] NET: Registered protocol family 16
Oct 20 18:47:09 beaglebone kernel: [    0.400480] DMA: preallocated 1024 KiB pool for atomic coherent allocations
Oct 20 18:47:09 beaglebone kernel: [    0.401682] cpuidle: using governor ladder
Oct 20 18:47:09 beaglebone kernel: [    0.401704] cpuidle: using governor menu
Oct 20 18:47:09 beaglebone kernel: [    0.406840] OMAP GPIO hardware version 0.1
Oct 20 18:47:09 beaglebone kernel: [    0.409190] GPIO line 112 (MCASP0_AXR0) hogged as output/low
Oct 20 18:47:09 beaglebone kernel: [    0.417977] No ATAGs?
Oct 20 18:47:09 beaglebone kernel: [    0.418007] hw-breakpoint: debug architecture 0x4 unsupported.
Oct 20 18:47:09 beaglebone kernel: [    0.418561] omap4_sram_init:Unable to allocate sram needed to handle errata I688
Oct 20 18:47:09 beaglebone kernel: [    0.418575] omap4_sram_init:Unable to get sram pool needed to handle errata I688
Oct 20 18:47:09 beaglebone kernel: [    0.495120] raid6: int32x1  gen()   264 MB/s
Oct 20 18:47:09 beaglebone kernel: [    0.562996] raid6: int32x1  xor()   240 MB/s
Oct 20 18:47:09 beaglebone kernel: [    0.631042] raid6: int32x2  gen()   375 MB/s
Oct 20 18:47:09 beaglebone kernel: [    0.698920] raid6: int32x2  xor()   280 MB/s
Oct 20 18:47:09 beaglebone kernel: [    0.766996] raid6: int32x4  gen()   391 MB/s
Oct 20 18:47:09 beaglebone kernel: [    0.834911] raid6: int32x4  xor()   264 MB/s
Oct 20 18:47:09 beaglebone kernel: [    0.902904] raid6: int32x8  gen()   358 MB/s
Oct 20 18:47:09 beaglebone kernel: [    0.971004] raid6: int32x8  xor()   232 MB/s
Oct 20 18:47:09 beaglebone kernel: [    1.038902] raid6: neonx1   gen()  1448 MB/s
Oct 20 18:47:09 beaglebone kernel: [    1.106919] raid6: neonx1   xor()   846 MB/s
Oct 20 18:47:09 beaglebone kernel: [    1.174915] raid6: neonx2   gen()  1882 MB/s
Oct 20 18:47:09 beaglebone kernel: [    1.242910] raid6: neonx2   xor()  1174 MB/s
Oct 20 18:47:09 beaglebone kernel: [    1.310906] raid6: neonx4   gen()  1993 MB/s
Oct 20 18:47:09 beaglebone kernel: [    1.378897] raid6: neonx4   xor()  1204 MB/s
Oct 20 18:47:09 beaglebone kernel: [    1.446901] raid6: neonx8   gen()  1210 MB/s
Oct 20 18:47:09 beaglebone kernel: [    1.514921] raid6: neonx8   xor()   671 MB/s
Oct 20 18:47:09 beaglebone kernel: [    1.514929] raid6: using algorithm neonx4 gen() 1993 MB/s
Oct 20 18:47:09 beaglebone kernel: [    1.514936] raid6: .... xor() 1204 MB/s, rmw enabled
Oct 20 18:47:09 beaglebone kernel: [    1.514942] raid6: using intx1 recovery algorithm
Oct 20 18:47:09 beaglebone kernel: [    1.523703] edma 49000000.edma: TI EDMA DMA engine driver
Oct 20 18:47:09 beaglebone kernel: [    1.528790] SCSI subsystem initialized
Oct 20 18:47:09 beaglebone kernel: [    1.529165] libata version 3.00 loaded.
Oct 20 18:47:09 beaglebone kernel: [    1.529497] usbcore: registered new interface driver usbfs
Oct 20 18:47:09 beaglebone kernel: [    1.529568] usbcore: registered new interface driver hub
Oct 20 18:47:09 beaglebone kernel: [    1.529664] usbcore: registered new device driver usb
Oct 20 18:47:09 beaglebone kernel: [    1.530216] omap_i2c 44e0b000.i2c: could not find pctldev for node /ocp/l4_wkup@44c00000/scm@210000/pinmux@800/pinmux_i2c0_pins, deferring probe
Oct 20 18:47:09 beaglebone kernel: [    1.530262] omap_i2c 4819c000.i2c: could not find pctldev for node /ocp/l4_wkup@44c00000/scm@210000/pinmux@800/pinmux_i2c2_pins, deferring probe
Oct 20 18:47:09 beaglebone kernel: [    1.530367] media: Linux media interface: v0.10
Oct 20 18:47:09 beaglebone kernel: [    1.530421] Linux video capture interface: v2.00
Oct 20 18:47:09 beaglebone kernel: [    1.530529] pps_core: LinuxPPS API ver. 1 registered
Oct 20 18:47:09 beaglebone kernel: [    1.530537] pps_core: Software ver. 5.3.6 - Copyright 2005-2007 Rodolfo Giometti <giometti@linux.it>
Oct 20 18:47:09 beaglebone kernel: [    1.530568] PTP clock support registered
Oct 20 18:47:09 beaglebone kernel: [    1.531440] omap-mailbox 480c8000.mailbox: omap mailbox rev 0x400
Oct 20 18:47:09 beaglebone kernel: [    1.532667] NetLabel: Initializing
Oct 20 18:47:09 beaglebone kernel: [    1.532679] NetLabel:  domain hash size = 128
Oct 20 18:47:09 beaglebone kernel: [    1.532685] NetLabel:  protocols = UNLABELED CIPSOv4
Oct 20 18:47:09 beaglebone kernel: [    1.532741] NetLabel:  unlabeled traffic allowed by default
Oct 20 18:47:09 beaglebone kernel: [    1.533089] clocksource: Switched to clocksource timer1
Oct 20 18:47:09 beaglebone kernel: [    1.638784] NET: Registered protocol family 2
Oct 20 18:47:09 beaglebone kernel: [    1.639537] TCP established hash table entries: 4096 (order: 2, 16384 bytes)
Oct 20 18:47:09 beaglebone kernel: [    1.639587] TCP bind hash table entries: 4096 (order: 3, 32768 bytes)
Oct 20 18:47:09 beaglebone kernel: [    1.639645] TCP: Hash tables configured (established 4096 bind 4096)
Oct 20 18:47:09 beaglebone kernel: [    1.639713] UDP hash table entries: 256 (order: 1, 8192 bytes)
Oct 20 18:47:09 beaglebone kernel: [    1.639734] UDP-Lite hash table entries: 256 (order: 1, 8192 bytes)
Oct 20 18:47:09 beaglebone kernel: [    1.640021] NET: Registered protocol family 1
Oct 20 18:47:09 beaglebone kernel: [    1.640544] RPC: Registered named UNIX socket transport module.
Oct 20 18:47:09 beaglebone kernel: [    1.640556] RPC: Registered udp transport module.
Oct 20 18:47:09 beaglebone kernel: [    1.640564] RPC: Registered tcp transport module.
Oct 20 18:47:09 beaglebone kernel: [    1.640570] RPC: Registered tcp NFSv4.1 backchannel transport module.
Oct 20 18:47:09 beaglebone kernel: [    1.641297] Unpacking initramfs...
Oct 20 18:47:09 beaglebone kernel: [    1.996530] Freeing initrd memory: 4968K (cfb26000 - d0000000)
Oct 20 18:47:09 beaglebone kernel: [    1.997294] hw perfevents: enabled with armv7_cortex_a8 PMU driver, 5 counters available
Oct 20 18:47:09 beaglebone kernel: [    1.999633] futex hash table entries: 256 (order: 2, 16384 bytes)
Oct 20 18:47:09 beaglebone kernel: [    1.999740] audit: initializing netlink subsys (disabled)
Oct 20 18:47:09 beaglebone kernel: [    1.999817] audit: type=2000 audit(1.936:1): initialized
Oct 20 18:47:09 beaglebone kernel: [    2.009602] zbud: loaded
Oct 20 18:47:09 beaglebone kernel: [    2.010223] VFS: Disk quotas dquot_6.6.0
Oct 20 18:47:09 beaglebone kernel: [    2.010471] VFS: Dquot-cache hash table entries: 1024 (order 0, 4096 bytes)
Oct 20 18:47:09 beaglebone kernel: [    2.012985] NFS: Registering the id_resolver key type
Oct 20 18:47:09 beaglebone kernel: [    2.013055] Key type id_resolver registered
Oct 20 18:47:09 beaglebone kernel: [    2.013140] Key type id_legacy registered
Oct 20 18:47:09 beaglebone kernel: [    2.013170] nfs4filelayout_init: NFSv4 File Layout Driver Registering...
Oct 20 18:47:09 beaglebone kernel: [    2.013504] fuse init (API version 7.23)
Oct 20 18:47:09 beaglebone kernel: [    2.014102] SGI XFS with ACLs, security attributes, realtime, no debug enabled
Oct 20 18:47:09 beaglebone kernel: [    2.021819] Block layer SCSI generic (bsg) driver version 0.4 loaded (major 249)
Oct 20 18:47:09 beaglebone kernel: [    2.022033] io scheduler noop registered
Oct 20 18:47:09 beaglebone kernel: [    2.022048] io scheduler deadline registered
Oct 20 18:47:09 beaglebone kernel: [    2.022112] io scheduler cfq registered (default)
Oct 20 18:47:09 beaglebone kernel: [    2.023371] pinctrl-single 44e10800.pinmux: 142 pins at pa f9e10800 size 568
Oct 20 18:47:09 beaglebone kernel: [    2.024975] wkup_m3_ipc 44e11324.wkup_m3_ipc: could not get rproc handle
Oct 20 18:47:09 beaglebone kernel: [    2.026335] Serial: 8250/16550 driver, 6 ports, IRQ sharing disabled
Oct 20 18:47:09 beaglebone kernel: [    2.029058] 44e09000.serial: ttyS0 at MMIO 0x44e09000 (irq = 158, base_baud = 3000000) is a 8250
Oct 20 18:47:09 beaglebone kernel: [    2.042526] console [ttyS0] enabled
Oct 20 18:47:09 beaglebone kernel: [    2.043402] 481a6000.serial: ttyS3 at MMIO 0x481a6000 (irq = 159, base_baud = 3000000) is a 8250
Oct 20 18:47:09 beaglebone kernel: [    2.044736] [drm] Initialized drm 1.1.0 20060810
Oct 20 18:47:09 beaglebone kernel: [    2.049557] ehci_hcd: USB 2.0 'Enhanced' Host Controller (EHCI) Driver
Oct 20 18:47:09 beaglebone kernel: [    2.049615] ehci-platform: EHCI generic platform driver
Oct 20 18:47:09 beaglebone kernel: [    2.049783] ehci-omap: OMAP-EHCI Host Controller driver
Oct 20 18:47:09 beaglebone kernel: [    2.050158] usbcore: registered new interface driver usb-storage
Oct 20 18:47:09 beaglebone kernel: [    2.052097] 47401300.usb-phy supply vcc not found, using dummy regulator
Oct 20 18:47:09 beaglebone kernel: [    2.054575] musb-hdrc: ConfigData=0xde (UTMI-8, dyn FIFOs, bulk combine, bulk split, HB-ISO Rx, HB-ISO Tx, SoftConn)
Oct 20 18:47:09 beaglebone kernel: [    2.054591] musb-hdrc: MHDRC RTL version 2.0 
Oct 20 18:47:09 beaglebone kernel: [    2.054600] musb-hdrc: setup fifo_mode 4
Oct 20 18:47:09 beaglebone kernel: [    2.054617] musb-hdrc: 28/31 max ep, 16384/16384 memory
Oct 20 18:47:09 beaglebone kernel: [    2.056055] 47401b00.usb-phy supply vcc not found, using dummy regulator
Oct 20 18:47:09 beaglebone kernel: [    2.058320] musb-hdrc: ConfigData=0xde (UTMI-8, dyn FIFOs, bulk combine, bulk split, HB-ISO Rx, HB-ISO Tx, SoftConn)
Oct 20 18:47:09 beaglebone kernel: [    2.058335] musb-hdrc: MHDRC RTL version 2.0 
Oct 20 18:47:09 beaglebone kernel: [    2.058343] musb-hdrc: setup fifo_mode 4
Oct 20 18:47:09 beaglebone kernel: [    2.058356] musb-hdrc: 28/31 max ep, 16384/16384 memory
Oct 20 18:47:09 beaglebone kernel: [    2.058504] musb-hdrc musb-hdrc.1.auto: MUSB HDRC host driver
Oct 20 18:47:09 beaglebone kernel: [    2.058539] musb-hdrc musb-hdrc.1.auto: new USB bus registered, assigned bus number 1
Oct 20 18:47:09 beaglebone kernel: [    2.058777] usb usb1: New USB device found, idVendor=1d6b, idProduct=0002
Oct 20 18:47:09 beaglebone kernel: [    2.058789] usb usb1: New USB device strings: Mfr=3, Product=2, SerialNumber=1
Oct 20 18:47:09 beaglebone kernel: [    2.058799] usb usb1: Product: MUSB HDRC host driver
Oct 20 18:47:09 beaglebone kernel: [    2.058808] usb usb1: Manufacturer: Linux 4.4.24-ti-r58 musb-hcd
Oct 20 18:47:09 beaglebone kernel: [    2.058816] usb usb1: SerialNumber: musb-hdrc.1.auto
Oct 20 18:47:09 beaglebone kernel: [    2.059593] hub 1-0:1.0: USB hub found
Oct 20 18:47:09 beaglebone kernel: [    2.059644] hub 1-0:1.0: 1 port detected
Oct 20 18:47:09 beaglebone kernel: [    2.068763] mousedev: PS/2 mouse device common for all mice
Oct 20 18:47:09 beaglebone kernel: [    2.071128] omap_rtc 44e3e000.rtc: rtc core: registered 44e3e000.rtc as rtc0
Oct 20 18:47:09 beaglebone kernel: [    2.071866] i2c /dev entries driver
Oct 20 18:47:09 beaglebone kernel: [    2.073468] omap_wdt: OMAP Watchdog Timer Rev 0x01: initial timeout 60 sec
Oct 20 18:47:09 beaglebone kernel: [    2.073867] cpuidle: enable-method property 'ti,am3352' found operations
Oct 20 18:47:09 beaglebone kernel: [    2.074472] omap_hsmmc 48060000.mmc: Got CD GPIO
Oct 20 18:47:09 beaglebone kernel: [    2.174837] mmc1: MAN_BKOPS_EN bit is not set
Oct 20 18:47:09 beaglebone kernel: [    2.178153] mmc1: new high speed MMC card at address 0001
Oct 20 18:47:09 beaglebone kernel: [    2.179017] mmcblk1: mmc1:0001 Q2J54A 3.64 GiB 
Oct 20 18:47:09 beaglebone kernel: [    2.179392] mmcblk1boot0: mmc1:0001 Q2J54A partition 1 2.00 MiB
Oct 20 18:47:09 beaglebone kernel: [    2.179737] mmcblk1boot1: mmc1:0001 Q2J54A partition 2 2.00 MiB
Oct 20 18:47:09 beaglebone kernel: [    2.181211]  mmcblk1: p1
Oct 20 18:47:09 beaglebone kernel: [    2.246576] hidraw: raw HID events driver (C) Jiri Kosina
Oct 20 18:47:09 beaglebone kernel: [    2.247353] usbcore: registered new interface driver usbhid
Oct 20 18:47:09 beaglebone kernel: [    2.247363] usbhid: USB HID core driver
Oct 20 18:47:09 beaglebone kernel: [    2.248679] ashmem: initialized
Oct 20 18:47:09 beaglebone kernel: [    2.249560]  remoteproc0: wkup_m3 is available
Oct 20 18:47:09 beaglebone kernel: [    2.249574]  remoteproc0: Note: remoteproc is still under development and considered experimental.
Oct 20 18:47:09 beaglebone kernel: [    2.249581]  remoteproc0: THE BINARY FORMAT IS NOT YET FINALIZED, and backward compatibility isn't yet guaranteed.
Oct 20 18:47:09 beaglebone kernel: [    2.253567] omap_hsmmc 47810000.mmc: card claims to support voltages below defined range
Oct 20 18:47:09 beaglebone kernel: [    2.255046] NET: Registered protocol family 10
Oct 20 18:47:09 beaglebone kernel: [    2.256437] mip6: Mobile IPv6
Oct 20 18:47:09 beaglebone kernel: [    2.256461] NET: Registered protocol family 17
Oct 20 18:47:09 beaglebone kernel: [    2.256631] Key type dns_resolver registered
Oct 20 18:47:09 beaglebone kernel: [    2.256647] mpls_gso: MPLS GSO support
Oct 20 18:47:09 beaglebone kernel: [    2.256929] omap_voltage_late_init: Voltage driver support not added
Oct 20 18:47:09 beaglebone kernel: [    2.264705] PM: Cannot get wkup_m3_ipc handle
Oct 20 18:47:09 beaglebone kernel: [    2.269260] ThumbEE CPU extension supported.
Oct 20 18:47:09 beaglebone kernel: [    2.269290] Registering SWP/SWPB emulation handler
Oct 20 18:47:09 beaglebone kernel: [    2.270322] registered taskstats version 1
Oct 20 18:47:09 beaglebone kernel: [    2.270543] zswap: loaded using pool lzo/zbud
Oct 20 18:47:09 beaglebone kernel: [    2.275550] mmc2: queuing unknown CIS tuple 0x91 (3 bytes)
Oct 20 18:47:09 beaglebone kernel: [    2.276498] mmc2: new high speed SDIO card at address 0001
Oct 20 18:47:09 beaglebone kernel: [    2.278023] Btrfs loaded
Oct 20 18:47:09 beaglebone kernel: [    2.299555] Key type encrypted registered
Oct 20 18:47:09 beaglebone kernel: [    2.302382] input: tps65217_pwr_but as /devices/platform/ocp/44e0b000.i2c/i2c-0/0-0024/input/input0
Oct 20 18:47:09 beaglebone kernel: [    2.326739] tps65217 0-0024: TPS65217 ID 0xe version 1.2
Oct 20 18:47:09 beaglebone kernel: [    2.327288] at24 0-0050: 32768 byte 24c256 EEPROM, writable, 1 bytes/write
Oct 20 18:47:09 beaglebone kernel: [    2.327339] omap_i2c 44e0b000.i2c: bus 0 rev0.11 at 400 kHz
Oct 20 18:47:09 beaglebone kernel: [    2.328931] at24 2-0054: 32768 byte 24c256 EEPROM, writable, 1 bytes/write
Oct 20 18:47:09 beaglebone kernel: [    2.329402] at24 2-0055: 32768 byte 24c256 EEPROM, writable, 1 bytes/write
Oct 20 18:47:09 beaglebone kernel: [    2.329783] at24 2-0056: 32768 byte 24c256 EEPROM, writable, 1 bytes/write
Oct 20 18:47:09 beaglebone kernel: [    2.330146] at24 2-0057: 32768 byte 24c256 EEPROM, writable, 1 bytes/write
Oct 20 18:47:09 beaglebone kernel: [    2.330186] omap_i2c 4819c000.i2c: bus 2 rev0.11 at 100 kHz
Oct 20 18:47:09 beaglebone kernel: [    2.331242]  remoteproc0: powering up wkup_m3
Oct 20 18:47:09 beaglebone kernel: [    2.331304]  remoteproc0: Booting fw image am335x-pm-firmware.elf, size 217148
Oct 20 18:47:09 beaglebone kernel: [    2.331552]  remoteproc0: remote processor wkup_m3 is now up
Oct 20 18:47:09 beaglebone kernel: [    2.331573] wkup_m3_ipc 44e11324.wkup_m3_ipc: CM3 Firmware Version = 0x192
Oct 20 18:47:09 beaglebone kernel: [    2.337366] bone_capemgr bone_capemgr: Baseboard: 'A335BNLT,GW1A,BBGW16062172'
Oct 20 18:47:09 beaglebone kernel: [    2.337396] bone_capemgr bone_capemgr: compatible-baseboard=ti,beaglebone-black - #slots=4
Oct 20 18:47:09 beaglebone kernel: [    2.377098] bone_capemgr bone_capemgr: slot #0: No cape found
Oct 20 18:47:09 beaglebone systemd[1]: Mounted FUSE Control File System.
Oct 20 18:47:09 beaglebone systemd[1]: Started Create Static Device Nodes in /dev.
Oct 20 18:47:09 beaglebone systemd[1]: Started Load/Save Random Seed.
Oct 20 18:47:09 beaglebone systemd[1]: Started Apply Kernel Variables.
Oct 20 18:47:09 beaglebone systemd[1]: Mounted Configuration File System.
Oct 20 18:47:09 beaglebone systemd[1]: Reached target Local File Systems (Pre).
Oct 20 18:47:09 beaglebone systemd[1]: Reached target Local File Systems.
Oct 20 18:47:09 beaglebone systemd[1]: Starting Raise network interfaces...
Oct 20 18:47:09 beaglebone systemd[1]: Starting udev Kernel Device Manager...
Oct 20 18:47:09 beaglebone systemd[1]: Starting Flush Journal to Persistent Storage...
Oct 20 18:47:09 beaglebone systemd[1]: Started Flush Journal to Persistent Storage.
Oct 20 18:47:09 beaglebone systemd[1]: Starting Create Volatile Files and Directories...
Oct 20 18:47:09 beaglebone systemd[1]: Started udev Kernel Device Manager.
Oct 20 18:47:09 beaglebone systemd[1]: Starting LSB: Tune IDE hard disks...
Oct 20 18:47:09 beaglebone hdparm[590]: Setting parameters of disc: (none).
Oct 20 18:47:09 beaglebone systemd[1]: Started LSB: Tune IDE hard disks.
Oct 20 18:47:09 beaglebone systemd[1]: Started Create Volatile Files and Directories.
Oct 20 18:47:09 beaglebone systemd[1]: Starting Network Time Synchronization...
Oct 20 18:47:09 beaglebone systemd[1]: Starting Update UTMP about System Boot/Shutdown...
Oct 20 18:47:09 beaglebone systemd[1]: Started udev Coldplug all Devices.
Oct 20 18:47:09 beaglebone systemd[1]: Reloading.
Oct 20 18:47:09 beaglebone systemd-timesyncd[647]: System clock time unset or jumped backwards, restoring from recorded timestamp: Thu 2016-10-20 18:47:06 UTC
Oct 20 18:47:09 beaglebone systemd[1]: Started Network Time Synchronization.
Oct 20 18:47:09 beaglebone systemd[1]: Time has been changed
Oct 20 18:47:09 beaglebone systemd[1]: Started Update UTMP about System Boot/Shutdown.
Oct 20 18:47:09 beaglebone systemd[1]: Reached target System Time Synchronized.
Oct 20 18:47:09 beaglebone systemd[1]: Reached target System Initialization.
Oct 20 18:47:09 beaglebone systemd[1]: Listening on gcp-iot-demo.socket.
Oct 20 18:47:09 beaglebone systemd[1]: Listening on cloud9.socket.
Oct 20 18:47:09 beaglebone systemd[1]: Listening on Avahi mDNS/DNS-SD Stack Activation Socket.
Oct 20 18:47:09 beaglebone systemd[1]: Listening on D-Bus System Message Bus Socket.
Oct 20 18:47:09 beaglebone systemd[1]: Listening on node-red.socket.
Oct 20 18:47:09 beaglebone systemd[1]: Reached target Sockets.
Oct 20 18:47:09 beaglebone systemd[1]: Reached target Basic System.
Oct 20 18:47:09 beaglebone systemd[1]: Started wifidog pre gateway Service.
Oct 20 18:47:09 beaglebone systemd[1]: Started Entropy daemon using the HAVEGE algorithm.
Oct 20 18:47:09 beaglebone systemd[1]: Starting LSB: Start busybox udhcpd at boot time...
Oct 20 18:47:09 beaglebone systemd[1]: Started BB WL18xx wlan0 Service.
Oct 20 18:47:09 beaglebone systemd[1]: Started D-Bus System Message Bus.
Oct 20 18:47:09 beaglebone systemd[1]: Starting Connection service...
Oct 20 18:47:09 beaglebone systemd[1]: Starting Restore /etc/resolv.conf if the system crashed before the ppp link was shut down....
Oct 20 18:47:09 beaglebone systemd[1]: Starting dnsmasq - A lightweight DHCP and caching DNS server...
Oct 20 18:47:09 beaglebone wifidog_pre[735]: command failed: No such file or directory (-2)
Oct 20 18:47:09 beaglebone systemd[1]: Starting Generic Board Startup...
Oct 20 18:47:09 beaglebone systemd[1]: Starting LSB: Load kernel modules needed to enable cpufreq scaling...
Oct 20 18:47:09 beaglebone dnsmasq[777]: dnsmasq: syntax check OK.
Oct 20 18:47:09 beaglebone systemd[1]: Starting Login Service...
Oct 20 18:47:09 beaglebone sh[787]: generic-board-startup: regenerating ssh keys
Oct 20 18:47:09 beaglebone systemd[1]: Started Regular background program processing daemon.
Oct 20 18:47:09 beaglebone systemd[1]: Starting Avahi mDNS/DNS-SD Stack...
Oct 20 18:47:09 beaglebone cron[807]: (CRON) INFO (pidfile fd = 3)
Oct 20 18:47:09 beaglebone cron[807]: (CRON) INFO (Running @reboot jobs)
Oct 20 18:47:09 beaglebone systemd[1]: Starting Cape Manager Service...
Oct 20 18:47:09 beaglebone bb-wl18xx-wlan0[744]: wlan_0_mac=[2C:F7:F1:06:4F:78]
Oct 20 18:47:09 beaglebone connmand[771]: Connection Manager version 1.32
Oct 20 18:47:09 beaglebone systemd[1]: Starting System Logging Service...
Oct 20 18:47:09 beaglebone avahi-daemon[811]: Found user 'avahi' (UID 105) and group 'avahi' (GID 114).
Oct 20 18:47:09 beaglebone avahi-daemon[811]: Successfully dropped root privileges.
Oct 20 18:47:09 beaglebone systemd[1]: Started wifidog gateway Service.
Oct 20 18:47:09 beaglebone systemd[1]: Started Daily Cleanup of Temporary Directories.
Oct 20 18:47:09 beaglebone avahi-daemon[811]: avahi-daemon 0.6.31 starting up.
Oct 20 18:47:09 beaglebone systemd[1]: Reached target Timers.
Oct 20 18:47:09 beaglebone avahi-daemon[811]: Successfully called chroot().
Oct 20 18:47:09 beaglebone avahi-daemon[811]: Successfully dropped remaining capabilities.
Oct 20 18:47:09 beaglebone avahi-daemon[825]: chroot.c: open() failed: No such file or directory
Oct 20 18:47:09 beaglebone avahi-daemon[811]: Failed to open /etc/resolv.conf: Invalid argument
Oct 20 18:47:09 beaglebone avahi-daemon[811]: Loading service file /services/cloud9.service.
Oct 20 18:47:09 beaglebone avahi-daemon[811]: Loading service file /services/gcp-iot-demo.service.
Oct 20 18:47:09 beaglebone avahi-daemon[811]: Loading service file /services/node-red.service.
Oct 20 18:47:09 beaglebone wifidog_server[820]: [6][Thu Oct 20 18:47:08 2016][827](conf.c:651) Reading configuration file '/etc/wifidog.conf'
Oct 20 18:47:09 beaglebone wifidog_server[820]: [6][Thu Oct 20 18:47:09 2016][827](gateway.c:362) Setting started_time
Oct 20 18:47:09 beaglebone avahi-daemon[811]: Network interface enumeration completed.
Oct 20 18:47:09 beaglebone avahi-daemon[811]: Registering HINFO record with values 'ARMV7L'/'LINUX'.
Oct 20 18:47:09 beaglebone avahi-daemon[811]: Server startup complete. Host name is beaglebone.local. Local service cookie is 1739827120.
Oct 20 18:47:09 beaglebone avahi-daemon[811]: Service "Node-RED for beaglebone" (/services/node-red.service) successfully established.
Oct 20 18:47:09 beaglebone wifidog_server[820]: [3][Thu Oct 20 18:47:09 2016][827](util.c:218) get_iface_mac ioctl(SIOCGIFHWADDR): No such device
Oct 20 18:47:09 beaglebone wifidog_server[820]: [3][Thu Oct 20 18:47:09 2016][827](gateway.c:388) Could not get MAC address information of SoftAp0, exiting...
Oct 20 18:47:09 beaglebone kernel: [    2.421098] bone_capemgr bone_capemgr: slot #1: No cape found
Oct 20 18:47:09 beaglebone kernel: [    2.449105] usb 1-1: new high-speed USB device number 2 using musb-hdrc
Oct 20 18:47:09 beaglebone kernel: [    2.465096] bone_capemgr bone_capemgr: slot #2: No cape found
Oct 20 18:47:09 beaglebone kernel: [    2.509093] bone_capemgr bone_capemgr: slot #3: No cape found
Oct 20 18:47:09 beaglebone kernel: [    2.515017] bone_capemgr bone_capemgr: initialized OK.
Oct 20 18:47:09 beaglebone kernel: [    2.517246] PM: bootloader does not support rtc-only!
Oct 20 18:47:09 beaglebone kernel: [    2.518156] omap_rtc 44e3e000.rtc: setting system clock to 2000-01-01 00:00:00 UTC (946684800)
Oct 20 18:47:09 beaglebone kernel: [    2.518182] of_cfs_init
Oct 20 18:47:09 beaglebone kernel: [    2.518307] of_cfs_init: OK
Oct 20 18:47:09 beaglebone kernel: [    2.523807] PM: Hibernation image not present or could not be loaded.
Oct 20 18:47:09 beaglebone kernel: [    2.525159] Freeing unused kernel memory: 612K (c0b1b000 - c0bb4000)
Oct 20 18:47:09 beaglebone kernel: [    2.578827] usb 1-1: New USB device found, idVendor=05e3, idProduct=0610
Oct 20 18:47:09 beaglebone kernel: [    2.578850] usb 1-1: New USB device strings: Mfr=0, Product=1, SerialNumber=0
Oct 20 18:47:09 beaglebone kernel: [    2.578860] usb 1-1: Product: USB2.0 Hub
Oct 20 18:47:09 beaglebone kernel: [    2.579938] hub 1-1:1.0: USB hub found
Oct 20 18:47:09 beaglebone kernel: [    2.580289] hub 1-1:1.0: 4 ports detected
Oct 20 18:47:09 beaglebone kernel: [    2.728738] random: systemd-udevd: uninitialized urandom read (16 bytes read, 28 bits of entropy available)
Oct 20 18:47:09 beaglebone kernel: [    2.729737] random: systemd-udevd: uninitialized urandom read (16 bytes read, 28 bits of entropy available)
Oct 20 18:47:09 beaglebone kernel: [    2.729862] random: systemd-udevd: uninitialized urandom read (16 bytes read, 28 bits of entropy available)
Oct 20 18:47:09 beaglebone kernel: [    2.741737] random: udevadm: uninitialized urandom read (16 bytes read, 28 bits of entropy available)
Oct 20 18:47:09 beaglebone kernel: [    2.742160] random: udevadm: uninitialized urandom read (16 bytes read, 28 bits of entropy available)
Oct 20 18:47:09 beaglebone kernel: [    2.742312] random: udevadm: uninitialized urandom read (16 bytes read, 28 bits of entropy available)
Oct 20 18:47:09 beaglebone kernel: [    2.742978] random: udevadm: uninitialized urandom read (16 bytes read, 28 bits of entropy available)
Oct 20 18:47:09 beaglebone kernel: [    2.743520] random: udevadm: uninitialized urandom read (16 bytes read, 28 bits of entropy available)
Oct 20 18:47:09 beaglebone kernel: [    2.744003] random: udevadm: uninitialized urandom read (16 bytes read, 28 bits of entropy available)
Oct 20 18:47:09 beaglebone kernel: [    2.744541] random: udevadm: uninitialized urandom read (16 bytes read, 28 bits of entropy available)
Oct 20 18:47:09 beaglebone kernel: [    5.617453] EXT4-fs (mmcblk1p1): mounted filesystem with ordered data mode. Opts: (null)
Oct 20 18:47:09 beaglebone kernel: [    6.748854] EXT4-fs (mmcblk1p1): re-mounted. Opts: errors=remount-ro
Oct 20 18:47:09 beaglebone kernel: [    8.913199] random: nonblocking pool is initialized
Oct 20 18:47:09 beaglebone avahi-daemon[811]: Service "IoT developer kit icebreaker for beaglebone" (/services/gcp-iot-demo.service) successfully established.
Oct 20 18:47:09 beaglebone avahi-daemon[811]: Service "Cloud9 IDE for beaglebone" (/services/cloud9.service) successfully established.
Oct 20 18:47:09 beaglebone connmand[771]: Checking loopback interface settings
Oct 20 18:47:09 beaglebone connmand[771]: System hostname is beaglebone
Oct 20 18:47:09 beaglebone dbus[751]: [system] Activating via systemd: service name='fi.w1.wpa_supplicant1' unit='wpa_supplicant.service'
Oct 20 18:47:09 beaglebone connmand[771]: lo {newlink} index 1 address 00:00:00:00:00:00 mtu 65536
Oct 20 18:47:09 beaglebone connmand[771]: lo {newlink} index 1 operstate 0 <UNKNOWN>
Oct 20 18:47:09 beaglebone connmand[771]: The name net.connman.vpn was not provided by any .service files
Oct 20 18:47:09 beaglebone dbus[751]: [system] Activating via systemd: service name='org.freedesktop.hostname1' unit='dbus-org.freedesktop.hostname1.service'
Oct 20 18:47:09 beaglebone bb-wl18xx-wlan0[744]: /lib/firmware/ti-connectivity/wl1271-nvs.bin=[2C:F7:F1:06:4F:78]
Oct 20 18:47:09 beaglebone systemd[1]: Started System Logging Service.
Oct 20 18:47:09 beaglebone systemd[1]: wifidog-pre-startup.service: Main process exited, code=exited, status=254/n/a
Oct 20 18:47:09 beaglebone systemd[1]: wifidog-pre-startup.service: Unit entered failed state.
Oct 20 18:47:09 beaglebone systemd[1]: wifidog-pre-startup.service: Failed with result 'exit-code'.
Oct 20 18:47:09 beaglebone systemd[1]: Started Restore /etc/resolv.conf if the system crashed before the ppp link was shut down..
Oct 20 18:47:09 beaglebone systemd[1]: Started Cape Manager Service.
Oct 20 18:47:09 beaglebone systemd[1]: wifidog-gateway.service: Main process exited, code=exited, status=1/FAILURE
Oct 20 18:47:09 beaglebone systemd[1]: wifidog-gateway.service: Unit entered failed state.
Oct 20 18:47:09 beaglebone systemd[1]: wifidog-gateway.service: Failed with result 'exit-code'.
Oct 20 18:47:10 beaglebone udhcpd[740]: udhcpd: Disabled. Edit /etc/default/udhcpd to enable it.
Oct 20 18:47:10 beaglebone systemd[1]: Started LSB: Start busybox udhcpd at boot time.
Oct 20 18:47:10 beaglebone systemd[1]: Started Connection service.
Oct 20 18:47:10 beaglebone systemd[1]: Started Avahi mDNS/DNS-SD Stack.
Oct 20 18:47:10 beaglebone systemd[1]: Reloading.
Oct 20 18:47:10 beaglebone dnsmasq[925]: started, version 2.72 cachesize 2048
Oct 20 18:47:10 beaglebone dnsmasq[925]: compile time options: IPv6 GNU-getopt DBus i18n IDN DHCP DHCPv6 no-Lua TFTP conntrack ipset auth DNSSEC loop-detect
Oct 20 18:47:10 beaglebone dnsmasq[925]: warning: interface usb0 does not currently exist
Oct 20 18:47:10 beaglebone dnsmasq[925]: warning: interface SoftAp0 does not currently exist
Oct 20 18:47:10 beaglebone dnsmasq-dhcp[925]: DHCP, IP range 192.168.7.3 -- 192.168.7.4, lease time 12h
Oct 20 18:47:10 beaglebone dnsmasq-dhcp[925]: DHCP, IP range 192.168.8.50 -- 192.168.8.150, lease time 12h
Oct 20 18:47:10 beaglebone dnsmasq[925]: failed to access /etc/resolv.conf: No such file or directory
Oct 20 18:47:10 beaglebone dnsmasq[925]: read /etc/hosts - 5 addresses
Oct 20 18:47:11 beaglebone loadcpufreq[791]: Loading cpufreq kernel modules...done (none).
Oct 20 18:47:12 beaglebone systemd[1]: Started Login Service.
Oct 20 18:47:12 beaglebone systemd[1]: Started LSB: Load kernel modules needed to enable cpufreq scaling.
Oct 20 18:47:13 beaglebone systemd[1]: Started Raise network interfaces.
Oct 20 18:47:13 beaglebone systemd[1]: Started dnsmasq - A lightweight DHCP and caching DNS server.
Oct 20 18:47:13 beaglebone systemd[1]: Starting Hostname Service...
Oct 20 18:47:13 beaglebone systemd[1]: Starting WPA supplicant...
Oct 20 18:47:13 beaglebone systemd[1]: Reached target Host and Network Name Lookups.
Oct 20 18:47:13 beaglebone systemd[1]: Starting LSB: set CPUFreq kernel parameters...
Oct 20 18:47:13 beaglebone dbus[751]: [system] Successfully activated service 'fi.w1.wpa_supplicant1'
Oct 20 18:47:13 beaglebone wpa_supplicant[1051]: Successfully initialized wpa_supplicant
Oct 20 18:47:13 beaglebone systemd[1]: Started WPA supplicant.
Oct 20 18:47:13 beaglebone sh[787]: generic-board-startup: WARNING /dev/hwrng wasn't available
Oct 20 18:47:13 beaglebone systemd[1]: Reached target Network.
Oct 20 18:47:13 beaglebone systemd[1]: Reached target Network is Online.
Oct 20 18:47:14 beaglebone systemd[1]: Starting LSB: Apache2 web server...
Oct 20 18:47:14 beaglebone systemd[1]: Starting LSB: Advanced IEEE 802.11 management daemon...
Oct 20 18:47:14 beaglebone dbus[751]: [system] Successfully activated service 'org.freedesktop.hostname1'
Oct 20 18:47:14 beaglebone systemd[1]: Starting /etc/rc.local Compatibility...
Oct 20 18:47:14 beaglebone systemd[1]: Starting Permit User Sessions...
Oct 20 18:47:14 beaglebone systemd[1]: Started LSB: Advanced IEEE 802.11 management daemon.
Oct 20 18:47:14 beaglebone systemd[1]: Started /etc/rc.local Compatibility.
Oct 20 18:47:14 beaglebone systemd[1]: Started Permit User Sessions.
Oct 20 18:47:14 beaglebone systemd[1]: Started Hostname Service.
Oct 20 18:47:14 beaglebone systemd[1]: wifidog-pre-startup.service: Service hold-off time over, scheduling restart.
Oct 20 18:47:14 beaglebone systemd[1]: wifidog-gateway.service: Service hold-off time over, scheduling restart.
Oct 20 18:47:14 beaglebone systemd[1]: Stopped wifidog gateway Service.
Oct 20 18:47:14 beaglebone systemd[1]: Stopped wifidog pre gateway Service.
Oct 20 18:47:14 beaglebone systemd[1]: Started wifidog pre gateway Service.
Oct 20 18:47:14 beaglebone cpufrequtils[1055]: CPUFreq Utilities: Setting ondemand CPUFreq governor...CPU0...done.
Oct 20 18:47:14 beaglebone systemd[1]: Started wifidog gateway Service.
Oct 20 18:47:15 beaglebone systemd[1]: Started Getty on tty1.
Oct 20 18:47:15 beaglebone wifidog_server[1101]: [6][Thu Oct 20 18:47:15 2016][1112](conf.c:651) Reading configuration file '/etc/wifidog.conf'
Oct 20 18:47:15 beaglebone wifidog_server[1101]: [6][Thu Oct 20 18:47:15 2016][1112](gateway.c:362) Setting started_time
Oct 20 18:47:15 beaglebone systemd[1]: Started LSB: set CPUFreq kernel parameters.
Oct 20 18:47:15 beaglebone wifidog_server[1101]: [3][Thu Oct 20 18:47:15 2016][1112](util.c:218) get_iface_mac ioctl(SIOCGIFHWADDR): No such device
Oct 20 18:47:15 beaglebone wifidog_server[1101]: [3][Thu Oct 20 18:47:15 2016][1112](gateway.c:388) Could not get MAC address information of SoftAp0, exiting...
Oct 20 18:47:15 beaglebone systemd[1]: wifidog-gateway.service: Main process exited, code=exited, status=1/FAILURE
Oct 20 18:47:15 beaglebone systemd[1]: wifidog-gateway.service: Unit entered failed state.
Oct 20 18:47:15 beaglebone systemd[1]: wifidog-gateway.service: Failed with result 'exit-code'.
Oct 20 18:47:15 beaglebone wifidog_pre[1097]: command failed: No such file or directory (-2)
Oct 20 18:47:15 beaglebone systemd[1]: wifidog-pre-startup.service: Main process exited, code=exited, status=254/n/a
Oct 20 18:47:15 beaglebone systemd[1]: wifidog-pre-startup.service: Unit entered failed state.
Oct 20 18:47:15 beaglebone systemd[1]: wifidog-pre-startup.service: Failed with result 'exit-code'.
Oct 20 18:47:17 beaglebone systemd[1]: Found device /dev/ttyS0.
Oct 20 18:47:17 beaglebone systemd[1]: Started Serial Getty on ttyS0.
Oct 20 18:47:17 beaglebone systemd[1]: Reached target Login Prompts.
Oct 20 18:47:18 beaglebone apache2[1064]: Starting web server: apache2.
Oct 20 18:47:18 beaglebone systemd[1]: Started LSB: Apache2 web server.
Oct 20 18:47:18 beaglebone haveged[738]: haveged: ver: 1.9.1; arch: generic; vend: ; build: (gcc 4.8.2 CTV); collect: 128K
Oct 20 18:47:18 beaglebone haveged[738]: haveged: cpu: (VC); data: 16K (D); inst: 16K (D); idx: 9/40; sz: 15780/68380
Oct 20 18:47:18 beaglebone haveged[738]: haveged: tot tests(BA8): A:1/1 B:1/1 continuous tests(B):  last entropy estimate 8.00046
Oct 20 18:47:18 beaglebone haveged[738]: haveged: fills: 0, generated: 0
Oct 20 18:47:19 beaglebone sh[787]: debconf: unable to initialize frontend: Dialog
Oct 20 18:47:19 beaglebone sh[787]: debconf: (TERM is not set, so the dialog frontend is not usable.)
Oct 20 18:47:19 beaglebone sh[787]: debconf: falling back to frontend: Readline
Oct 20 18:47:19 beaglebone sh[787]: debconf: unable to initialize frontend: Readline
Oct 20 18:47:19 beaglebone sh[787]: debconf: (This frontend requires a controlling tty.)
Oct 20 18:47:19 beaglebone sh[787]: debconf: falling back to frontend: Teletype
Oct 20 18:47:20 beaglebone systemd[1]: wifidog-gateway.service: Service hold-off time over, scheduling restart.
Oct 20 18:47:20 beaglebone systemd[1]: wifidog-pre-startup.service: Service hold-off time over, scheduling restart.
Oct 20 18:47:20 beaglebone systemd[1]: Stopped wifidog gateway Service.
Oct 20 18:47:20 beaglebone systemd[1]: Stopped wifidog pre gateway Service.
Oct 20 18:47:20 beaglebone systemd[1]: Started wifidog pre gateway Service.
Oct 20 18:47:20 beaglebone systemd[1]: Started wifidog gateway Service.
Oct 20 18:47:20 beaglebone wifidog_server[1373]: [6][Thu Oct 20 18:47:20 2016][1379](conf.c:651) Reading configuration file '/etc/wifidog.conf'
Oct 20 18:47:20 beaglebone wifidog_server[1373]: [6][Thu Oct 20 18:47:20 2016][1379](gateway.c:362) Setting started_time
Oct 20 18:47:20 beaglebone wifidog_server[1373]: [3][Thu Oct 20 18:47:20 2016][1379](util.c:218) get_iface_mac ioctl(SIOCGIFHWADDR): No such device
Oct 20 18:47:20 beaglebone wifidog_server[1373]: [3][Thu Oct 20 18:47:20 2016][1379](gateway.c:388) Could not get MAC address information of SoftAp0, exiting...
Oct 20 18:47:20 beaglebone systemd[1]: wifidog-gateway.service: Main process exited, code=exited, status=1/FAILURE
Oct 20 18:47:20 beaglebone systemd[1]: wifidog-gateway.service: Unit entered failed state.
Oct 20 18:47:20 beaglebone systemd[1]: wifidog-gateway.service: Failed with result 'exit-code'.
Oct 20 18:47:20 beaglebone wifidog_pre[1370]: command failed: No such file or directory (-2)
Oct 20 18:47:20 beaglebone systemd[1]: wifidog-pre-startup.service: Main process exited, code=exited, status=254/n/a
Oct 20 18:47:20 beaglebone systemd[1]: wifidog-pre-startup.service: Unit entered failed state.
Oct 20 18:47:20 beaglebone systemd[1]: wifidog-pre-startup.service: Failed with result 'exit-code'.
Oct 20 18:47:21 beaglebone kernel: [   25.176243] omap_rng 48310000.rng: OMAP Random Number Generator ver. 20
Oct 20 18:47:23 beaglebone kernel: [   26.747240] omap-sham 53100000.sham: hw accel on OMAP rev 4.3
Oct 20 18:47:23 beaglebone kernel: [   26.857928] omap-aes 53500000.aes: OMAP AES hw accel rev: 3.2
Oct 20 18:47:23 beaglebone sh[787]: Creating SSH2 RSA key; this may take some time ...
Oct 20 18:47:23 beaglebone sh[787]: 2048 1f:04:b4:20:8f:3c:f7:90:bd:a0:ab:47:6d:22:73:26 /etc/ssh/ssh_host_rsa_key.pub (RSA)
Oct 20 18:47:24 beaglebone kernel: [   27.838489] davinci_evm sound: ASoC: CPU DAI (null) not registered
Oct 20 18:47:24 beaglebone kernel: [   27.844833] davinci_evm sound: snd_soc_register_card failed (-517)
Oct 20 18:47:25 beaglebone systemd[1]: wifidog-gateway.service: Service hold-off time over, scheduling restart.
Oct 20 18:47:25 beaglebone systemd[1]: wifidog-pre-startup.service: Service hold-off time over, scheduling restart.
Oct 20 18:47:25 beaglebone systemd[1]: Stopped wifidog gateway Service.
Oct 20 18:47:25 beaglebone systemd[1]: Stopped wifidog pre gateway Service.
Oct 20 18:47:26 beaglebone systemd[1]: Started wifidog pre gateway Service.
Oct 20 18:47:26 beaglebone systemd[1]: Started wifidog gateway Service.
Oct 20 18:47:26 beaglebone wifidog_server[1661]: [6][Thu Oct 20 18:47:26 2016][1667](conf.c:651) Reading configuration file '/etc/wifidog.conf'
Oct 20 18:47:26 beaglebone wifidog_server[1661]: [6][Thu Oct 20 18:47:26 2016][1667](gateway.c:362) Setting started_time
Oct 20 18:47:26 beaglebone wifidog_server[1661]: [3][Thu Oct 20 18:47:26 2016][1667](util.c:218) get_iface_mac ioctl(SIOCGIFHWADDR): No such device
Oct 20 18:47:26 beaglebone wifidog_server[1661]: [3][Thu Oct 20 18:47:26 2016][1667](gateway.c:388) Could not get MAC address information of SoftAp0, exiting...
Oct 20 18:47:26 beaglebone systemd[1]: wifidog-gateway.service: Main process exited, code=exited, status=1/FAILURE
Oct 20 18:47:26 beaglebone systemd[1]: wifidog-gateway.service: Unit entered failed state.
Oct 20 18:47:26 beaglebone systemd[1]: wifidog-gateway.service: Failed with result 'exit-code'.
Oct 20 18:47:26 beaglebone wifidog_pre[1657]: command failed: No such file or directory (-2)
Oct 20 18:47:26 beaglebone systemd[1]: wifidog-pre-startup.service: Main process exited, code=exited, status=254/n/a
Oct 20 18:47:26 beaglebone systemd[1]: wifidog-pre-startup.service: Unit entered failed state.
Oct 20 18:47:26 beaglebone systemd[1]: wifidog-pre-startup.service: Failed with result 'exit-code'.
Oct 20 18:47:26 beaglebone systemd[1]: Listening on Load/Save RF Kill Switch Status /dev/rfkill Watch.
Oct 20 18:47:27 beaglebone kernel: [   31.236263] davinci_evm sound: ASoC: CPU DAI (null) not registered
Oct 20 18:47:27 beaglebone kernel: [   31.242624] davinci_evm sound: snd_soc_register_card failed (-517)
Oct 20 18:47:28 beaglebone kernel: [   31.605952] wlcore: wl18xx HW: 183x or 180x, PG 2.2 (ROM 0x11)
Oct 20 18:47:28 beaglebone systemd[1]: Starting Load/Save RF Kill Switch Status...
Oct 20 18:47:28 beaglebone connmand[771]: wlan0 {create} index 2 type 1 <ETHER>
Oct 20 18:47:28 beaglebone connmand[771]: wlan0 {update} flags 4098 <DOWN>
Oct 20 18:47:28 beaglebone kernel: [   31.718842] wlcore: loaded
Oct 20 18:47:28 beaglebone connmand[771]: wlan0 {newlink} index 2 address 2C:F7:F1:06:4F:78 mtu 1500
Oct 20 18:47:28 beaglebone connmand[771]: wlan0 {newlink} index 2 operstate 2 <DOWN>
Oct 20 18:47:28 beaglebone systemd[1]: Started Load/Save RF Kill Switch Status.
Oct 20 18:47:28 beaglebone sh[787]: Creating SSH2 DSA key; this may take some time ...
Oct 20 18:47:28 beaglebone sh[787]: 1024 fd:d1:2d:f1:54:63:59:f6:a6:ce:df:e8:0a:e7:e2:19 /etc/ssh/ssh_host_dsa_key.pub (DSA)
Oct 20 18:47:28 beaglebone sh[787]: Creating SSH2 ECDSA key; this may take some time ...
Oct 20 18:47:28 beaglebone sh[787]: 256 05:81:d6:34:f5:5a:a0:c4:ea:e8:58:df:de:11:19:48 /etc/ssh/ssh_host_ecdsa_key.pub (ECDSA)
Oct 20 18:47:28 beaglebone kernel: [   32.172691] wlcore: PHY firmware version: Rev 8.2.0.0.236
Oct 20 18:47:28 beaglebone sh[787]: Creating SSH2 ED25519 key; this may take some time ...
Oct 20 18:47:28 beaglebone kernel: [   32.213477] wlcore: firmware booted (Rev 8.9.0.0.69)
Oct 20 18:47:28 beaglebone kernel: [   32.227404] IPv6: ADDRCONF(NETDEV_UP): wlan0: link is not ready
Oct 20 18:47:28 beaglebone connmand[771]: Adding interface wlan0 [ wifi ]
Oct 20 18:47:28 beaglebone connmand[771]: wlan0 {update} flags 36931 <UP,RUNNING>
Oct 20 18:47:28 beaglebone connmand[771]: wlan0 {newlink} index 2 address 2C:F7:F1:06:4F:78 mtu 1500
Oct 20 18:47:28 beaglebone connmand[771]: wlan0 {newlink} index 2 operstate 0 <UNKNOWN>
Oct 20 18:47:28 beaglebone connmand[771]: wlan0 {update} flags 36867 <UP>
Oct 20 18:47:28 beaglebone connmand[771]: wlan0 {newlink} index 2 address 2C:F7:F1:06:4F:78 mtu 1500
Oct 20 18:47:28 beaglebone connmand[771]: wlan0 {newlink} index 2 operstate 2 <DOWN>
Oct 20 18:47:28 beaglebone connmand[771]: wlan0 {newlink} index 2 address 2C:F7:F1:06:4F:78 mtu 1500
Oct 20 18:47:28 beaglebone connmand[771]: wlan0 {newlink} index 2 operstate 2 <DOWN>
Oct 20 18:47:28 beaglebone sh[787]: 256 a7:a7:32:f1:4b:b3:e9:9b:c7:21:18:04:ff:a7:89:99 /etc/ssh/ssh_host_ed25519_key.pub (ED25519)
Oct 20 18:47:29 beaglebone wpa_supplicant[1051]: Could not read interface p2p-dev-wlan0 flags: No such device
Oct 20 18:47:29 beaglebone wpa_supplicant[1051]: WPS: Converting push_button to virtual_push_button for WPS 2.0 compliance
Oct 20 18:47:29 beaglebone wpa_supplicant[1051]: WPS: Converting push_button to virtual_push_button for WPS 2.0 compliance
Oct 20 18:47:31 beaglebone systemd[1]: wifidog-gateway.service: Service hold-off time over, scheduling restart.
Oct 20 18:47:31 beaglebone systemd[1]: wifidog-pre-startup.service: Service hold-off time over, scheduling restart.
Oct 20 18:47:31 beaglebone systemd[1]: Stopped wifidog gateway Service.
Oct 20 18:47:31 beaglebone systemd[1]: Stopped wifidog pre gateway Service.
Oct 20 18:47:31 beaglebone systemd[1]: Started wifidog pre gateway Service.
Oct 20 18:47:31 beaglebone systemd[1]: Started wifidog gateway Service.
Oct 20 18:47:31 beaglebone wifidog_server[1807]: [6][Thu Oct 20 18:47:31 2016][1810](conf.c:651) Reading configuration file '/etc/wifidog.conf'
Oct 20 18:47:31 beaglebone wifidog_server[1807]: [6][Thu Oct 20 18:47:31 2016][1810](gateway.c:362) Setting started_time
Oct 20 18:47:31 beaglebone wifidog_server[1807]: [3][Thu Oct 20 18:47:31 2016][1810](util.c:218) get_iface_mac ioctl(SIOCGIFHWADDR): No such device
Oct 20 18:47:31 beaglebone wifidog_server[1807]: [3][Thu Oct 20 18:47:31 2016][1810](gateway.c:388) Could not get MAC address information of SoftAp0, exiting...
Oct 20 18:47:31 beaglebone systemd[1]: wifidog-gateway.service: Main process exited, code=exited, status=1/FAILURE
Oct 20 18:47:31 beaglebone systemd[1]: wifidog-gateway.service: Unit entered failed state.
Oct 20 18:47:31 beaglebone systemd[1]: wifidog-gateway.service: Failed with result 'exit-code'.
Oct 20 18:47:31 beaglebone connmand[771]: SoftAp0 {create} index 3 type 1 <ETHER>
Oct 20 18:47:31 beaglebone connmand[771]: SoftAp0 {update} flags 4098 <DOWN>
Oct 20 18:47:31 beaglebone connmand[771]: SoftAp0 {newlink} index 3 address 2E:F7:F1:06:4F:78 mtu 1500
Oct 20 18:47:31 beaglebone connmand[771]: SoftAp0 {newlink} index 3 operstate 2 <DOWN>
Oct 20 18:47:31 beaglebone wifidog_pre[1805]: phy0 created
Oct 20 18:47:31 beaglebone connmand[771]: Ignoring interface SoftAp0 (filtered)
Oct 20 18:47:31 beaglebone connmand[771]: Adding interface SoftAp0 [ wifi ]
Oct 20 18:47:31 beaglebone connmand[771]: SoftAp0 {newlink} index 3 address B0:D5:CC:FD:C4:5D mtu 1500
Oct 20 18:47:31 beaglebone connmand[771]: SoftAp0 {newlink} index 3 operstate 2 <DOWN>
Oct 20 18:47:31 beaglebone connmand[771]: Ignoring interface SoftAp0 (filtered)
Oct 20 18:47:31 beaglebone connmand[771]: SoftAp0 {update} flags 4163 <UP,RUNNING>
Oct 20 18:47:31 beaglebone connmand[771]: SoftAp0 {newlink} index 3 address B0:D5:CC:FD:C4:5D mtu 1500
Oct 20 18:47:31 beaglebone connmand[771]: SoftAp0 {newlink} index 3 operstate 0 <UNKNOWN>
Oct 20 18:47:31 beaglebone kernel: [   35.238244] IPv6: ADDRCONF(NETDEV_UP): SoftAp0: link is not ready
Oct 20 18:47:31 beaglebone connmand[771]: Ignoring interface SoftAp0 (filtered)
Oct 20 18:47:31 beaglebone connmand[771]: SoftAp0 {update} flags 4099 <UP>
Oct 20 18:47:31 beaglebone connmand[771]: SoftAp0 {newlink} index 3 address B0:D5:CC:FD:C4:5D mtu 1500
Oct 20 18:47:31 beaglebone connmand[771]: SoftAp0 {newlink} index 3 operstate 2 <DOWN>
Oct 20 18:47:31 beaglebone connmand[771]: Ignoring interface SoftAp0 (filtered)
Oct 20 18:47:31 beaglebone connmand[771]: SoftAp0 {add} address 192.168.8.1/24 label SoftAp0 family 2
Oct 20 18:47:31 beaglebone avahi-daemon[811]: Joining mDNS multicast group on interface SoftAp0.IPv4 with address 192.168.8.1.
Oct 20 18:47:31 beaglebone connmand[771]: SoftAp0 {add} route 192.168.8.0 gw 0.0.0.0 scope 253 <LINK>
Oct 20 18:47:31 beaglebone avahi-daemon[811]: New relevant interface SoftAp0.IPv4 for mDNS.
Oct 20 18:47:32 beaglebone avahi-daemon[811]: Registering new address record for 192.168.8.1 on SoftAp0.IPv4.
Oct 20 18:47:32 beaglebone kernel: [   35.362469] ip_tables: (C) 2000-2006 Netfilter Core Team
Oct 20 18:47:32 beaglebone kernel: [   35.412210] nf_conntrack version 0.5.0 (7868 buckets, 31472 max)
Oct 20 18:47:33 beaglebone systemd[1]: Reloading.
Oct 20 18:47:35 beaglebone systemd[1]: Reloading.
Oct 20 18:47:36 beaglebone systemd[1]: Reloading.
Oct 20 18:47:36 beaglebone systemd[1]: wifidog-gateway.service: Service hold-off time over, scheduling restart.
Oct 20 18:47:37 beaglebone systemd[1]: Stopped wifidog gateway Service.
Oct 20 18:47:37 beaglebone systemd[1]: Started wifidog gateway Service.
Oct 20 18:47:37 beaglebone wifidog_server[1926]: [6][Thu Oct 20 18:47:37 2016][1931](conf.c:651) Reading configuration file '/etc/wifidog.conf'
Oct 20 18:47:37 beaglebone wifidog_server[1926]: [6][Thu Oct 20 18:47:37 2016][1931](gateway.c:362) Setting started_time
Oct 20 18:47:37 beaglebone wifidog_server[1926]: [5][Thu Oct 20 18:47:37 2016][1931](gateway.c:395) Creating web server on 192.168.8.1:2060
Oct 20 18:47:37 beaglebone wifidog_server[1926]: [6][Thu Oct 20 18:47:37 2016][1931](util.c:313) Closing ICMP socket
Oct 20 18:47:37 beaglebone wifidog_server[1926]: [6][Thu Oct 20 18:47:37 2016][1931](firewall.c:248) Removing Firewall rules
Oct 20 18:47:37 beaglebone systemd[1]: Reloading.
Oct 20 18:47:38 beaglebone wifidog_server[1926]: [6][Thu Oct 20 18:47:38 2016][1931](util.c:297) Creating ICMP socket
Oct 20 18:47:38 beaglebone wifidog_server[1926]: [6][Thu Oct 20 18:47:38 2016][1931](firewall.c:203) Initializing Firewall
Oct 20 18:47:38 beaglebone wifidog_server[1926]: [6][Thu Oct 20 18:47:38 2016][1931](util.c:258) get_ext_iface(): Detected SoftAp0 as the default interface after trying 1
Oct 20 18:47:39 beaglebone systemd[1]: Reloading.
Oct 20 18:47:40 beaglebone wifidog_server[1926]: [5][Thu Oct 20 18:47:40 2016][1931](gateway.c:444) Waiting for connections
Oct 20 18:47:40 beaglebone wifidog_server[1926]: [6][Thu Oct 20 18:47:40 2016][1931](wd_util.c:69) ONLINE status became ON
Oct 20 18:47:40 beaglebone wifidog_server[1926]: [6][Thu Oct 20 18:47:40 2016][1931](firewall.c:227) Clearing the authservers list
Oct 20 18:47:40 beaglebone wifidog_server[1926]: [6][Thu Oct 20 18:47:40 2016][1931](firewall.c:236) Setting the authservers list
Oct 20 18:47:40 beaglebone wifidog_server[1926]: [3][Thu Oct 20 18:47:40 2016][1931](centralserver.c:161) Failed to connect to any of the auth servers
Oct 20 18:47:40 beaglebone systemd[1]: Started wificonfig Service.
Oct 20 18:47:40 beaglebone systemd[1]: Started OpenBSD Secure Shell server.
Oct 20 18:47:41 beaglebone rsyslogd-2007: action 'action 17' suspended, next retry is Thu Oct 20 18:48:11 2016 [try http://www.rsyslog.com/e/2007 ]
Oct 20 18:47:41 beaglebone sh[787]: generic-board-startup: [model=TI_AM335x_BeagleBone_Green_Wireless]
Oct 20 18:47:41 beaglebone sh[787]: generic-board-startup: [startup script=/opt/scripts/boot/am335x_evm.sh]
Oct 20 18:47:42 beaglebone connmand[771]: Terminating
Oct 20 18:47:42 beaglebone systemd[1]: Stopping Connection service...
Oct 20 18:47:42 beaglebone wpa_supplicant[1051]: nl80211: deinit ifname=p2p-dev-wlan0 disabled_11b_rates=0
Oct 20 18:47:42 beaglebone kernel: [   45.735678] wlcore: down
Oct 20 18:47:42 beaglebone connmand[771]: Remove interface wlan0 [ wifi ]
Oct 20 18:47:42 beaglebone connmand[771]: Remove interface SoftAp0 [ wifi ]
Oct 20 18:47:42 beaglebone connmand[771]: wlan0 {remove} index 2
Oct 20 18:47:42 beaglebone connmand[771]: SoftAp0 {remove} index 3
Oct 20 18:47:42 beaglebone connmand[771]: Exit
Oct 20 18:47:42 beaglebone wpa_supplicant[1051]: nl80211: deinit ifname=wlan0 disabled_11b_rates=0
Oct 20 18:47:42 beaglebone systemd[1]: Stopped Connection service.
Oct 20 18:47:42 beaglebone systemd[1]: Starting Connection service...
Oct 20 18:47:42 beaglebone systemd[1]: Started Connection service.
Oct 20 18:47:42 beaglebone connmand[2216]: Connection Manager version 1.32
Oct 20 18:47:42 beaglebone sh[787]: cpsw_0_mac: [B0:D5:CC:FD:C4:5D]
Oct 20 18:47:42 beaglebone sh[787]: cpsw_1_mac: [B0:D5:CC:FD:C4:5F]
Oct 20 18:47:42 beaglebone sh[787]: cpsw_2_mac: [B0:D5:CC:FD:C4:5E]
Oct 20 18:47:42 beaglebone connmand[2216]: Checking loopback interface settings
Oct 20 18:47:42 beaglebone connmand[2216]: System hostname is beaglebone
Oct 20 18:47:42 beaglebone kernel: [   46.328664] using random self ethernet address
Oct 20 18:47:42 beaglebone kernel: [   46.328691] using random host ethernet address
Oct 20 18:47:42 beaglebone kernel: [   46.328712] using host ethernet address: B0:D5:CC:FD:C4:5E
Oct 20 18:47:43 beaglebone kernel: [   46.328722] using self ethernet address: B0:D5:CC:FD:C4:5F<6>[   46.379706] Mass Storage Function, version: 2009/09/11
Oct 20 18:47:43 beaglebone kernel: [   46.379730] LUN: removable file: (no medium)
Oct 20 18:47:43 beaglebone kernel: [   46.379926] LUN: removable read only file: /var/cache/doc-seeed-bbgw-getting-started/beaglebone-getting-started-2016-05-11.img
Oct 20 18:47:43 beaglebone kernel: [   46.379937] Number of LUNs=1
Oct 20 18:47:43 beaglebone kernel: [   46.382886] usb0: HOST MAC b0:d5:cc:fd:c4:5e
Oct 20 18:47:43 beaglebone kernel: [   46.383685] usb0: MAC b0:d5:cc:fd:c4:5f
Oct 20 18:47:43 beaglebone kernel: [   46.386349] g_multi gadget: Multifunction Composite Gadget
Oct 20 18:47:43 beaglebone kernel: [   46.386371] g_multi gadget: g_multi ready
Oct 20 18:47:43 beaglebone connmand[2216]: usb0 {create} index 4 type 1 <ETHER>
Oct 20 18:47:43 beaglebone connmand[2216]: usb0 {update} flags 4098 <DOWN>
Oct 20 18:47:43 beaglebone connmand[2216]: usb0 {newlink} index 4 address 00:00:00:00:00:00 mtu 1500
Oct 20 18:47:43 beaglebone connmand[2216]: usb0 {newlink} index 4 operstate 2 <DOWN>
Oct 20 18:47:43 beaglebone connmand[2216]: Ignoring interface usb0 (filtered)
Oct 20 18:47:43 beaglebone connmand[2216]: Adding interface usb0 [ gadget ]
Oct 20 18:47:43 beaglebone connmand[2216]: usb0 {newlink} index 4 address B0:D5:CC:FD:C4:5F mtu 1500
Oct 20 18:47:43 beaglebone connmand[2216]: usb0 {newlink} index 4 operstate 2 <DOWN>
Oct 20 18:47:43 beaglebone connmand[2216]: Ignoring interface usb0 (filtered)
Oct 20 18:47:43 beaglebone connmand[2216]: lo {newlink} index 1 address 00:00:00:00:00:00 mtu 65536
Oct 20 18:47:43 beaglebone connmand[2216]: lo {newlink} index 1 operstate 0 <UNKNOWN>
Oct 20 18:47:43 beaglebone connmand[2216]: wlan0 {create} index 2 type 1 <ETHER>
Oct 20 18:47:43 beaglebone connmand[2216]: wlan0 {update} flags 36867 <UP>
Oct 20 18:47:43 beaglebone connmand[2216]: wlan0 {newlink} index 2 address 2C:F7:F1:06:4F:78 mtu 1500
Oct 20 18:47:43 beaglebone connmand[2216]: wlan0 {newlink} index 2 operstate 2 <DOWN>
Oct 20 18:47:43 beaglebone connmand[2216]: Adding interface wlan0 [ wifi ]
Oct 20 18:47:43 beaglebone connmand[2216]: SoftAp0 {create} index 3 type 1 <ETHER>
Oct 20 18:47:43 beaglebone connmand[2216]: SoftAp0 {update} flags 4099 <UP>
Oct 20 18:47:43 beaglebone connmand[2216]: SoftAp0 {newlink} index 3 address B0:D5:CC:FD:C4:5D mtu 1500
Oct 20 18:47:43 beaglebone connmand[2216]: SoftAp0 {newlink} index 3 operstate 2 <DOWN>
Oct 20 18:47:43 beaglebone connmand[2216]: Ignoring interface SoftAp0 (filtered)
Oct 20 18:47:43 beaglebone connmand[2216]: Adding interface SoftAp0 [ wifi ]
Oct 20 18:47:43 beaglebone connmand[2216]: usb0 {newlink} index 4 address B0:D5:CC:FD:C4:5F mtu 1500
Oct 20 18:47:43 beaglebone connmand[2216]: usb0 {newlink} index 4 operstate 2 <DOWN>
Oct 20 18:47:43 beaglebone connmand[2216]: Ignoring interface usb0 (filtered)
Oct 20 18:47:43 beaglebone connmand[2216]: SoftAp0 {add} address 192.168.8.1/24 label SoftAp0 family 2
Oct 20 18:47:43 beaglebone connmand[2216]: SoftAp0 {add} route 192.168.8.0 gw 0.0.0.0 scope 253 <LINK>
Oct 20 18:47:43 beaglebone connmand[2216]: The name net.connman.vpn was not provided by any .service files
Oct 20 18:47:43 beaglebone connmand[2216]: wlan0 {newlink} index 2 address 2C:F7:F1:06:4F:78 mtu 1500
Oct 20 18:47:43 beaglebone connmand[2216]: wlan0 {newlink} index 2 operstate 2 <DOWN>
Oct 20 18:47:43 beaglebone wpa_supplicant[1051]: Could not read interface p2p-dev-wlan0 flags: No such device
Oct 20 18:47:43 beaglebone wpa_supplicant[1051]: WPS: Converting push_button to virtual_push_button for WPS 2.0 compliance
Oct 20 18:47:43 beaglebone wpa_supplicant[1051]: WPS: Converting push_button to virtual_push_button for WPS 2.0 compliance
Oct 20 18:47:43 beaglebone kernel: [   46.949539] g_multi gadget: high-speed config #1: Multifunction with RNDIS
Oct 20 18:47:44 beaglebone systemd[1]: Stopping LSB: Start busybox udhcpd at boot time...
Oct 20 18:47:44 beaglebone udhcpd[2308]: udhcpd: Disabled. Edit /etc/default/udhcpd to enable it.
Oct 20 18:47:44 beaglebone systemd[1]: Stopped LSB: Start busybox udhcpd at boot time.
Oct 20 18:47:44 beaglebone sh[787]: Stopping udhcpd (via systemctl): udhcpd.service.
Oct 20 18:47:44 beaglebone connmand[2216]: usb0 {add} address 192.168.7.2/24 label usb0 family 2
Oct 20 18:47:44 beaglebone connmand[2216]: usb0 {update} flags 69699 <UP,RUNNING,LOWER_UP>
Oct 20 18:47:44 beaglebone connmand[2216]: usb0 {newlink} index 4 address B0:D5:CC:FD:C4:5F mtu 1500
Oct 20 18:47:44 beaglebone connmand[2216]: usb0 {newlink} index 4 operstate 6 <UP>
Oct 20 18:47:44 beaglebone connmand[2216]: Ignoring interface usb0 (filtered)
Oct 20 18:47:44 beaglebone avahi-daemon[811]: Joining mDNS multicast group on interface usb0.IPv4 with address 192.168.7.2.
Oct 20 18:47:44 beaglebone connmand[2216]: usb0 {add} route 192.168.7.0 gw 0.0.0.0 scope 253 <LINK>
Oct 20 18:47:44 beaglebone avahi-daemon[811]: New relevant interface usb0.IPv4 for mDNS.
Oct 20 18:47:44 beaglebone avahi-daemon[811]: Registering new address record for 192.168.7.2 on usb0.IPv4.
Oct 20 18:47:44 beaglebone connmand[2216]: usb0 {add} route fe80:: gw :: scope 0 <UNIVERSE>
Oct 20 18:47:44 beaglebone systemd[1]: Started Serial Getty on ttyGS0.
Oct 20 18:47:44 beaglebone systemd[1]: Started Generic Board Startup.
Oct 20 18:47:44 beaglebone systemd[1]: Starting BB WL18xx Bluetooth Service...
Oct 20 18:47:46 beaglebone avahi-daemon[811]: Joining mDNS multicast group on interface usb0.IPv6 with address fe80::b2d5:ccff:fefd:c45f.
Oct 20 18:47:46 beaglebone avahi-daemon[811]: New relevant interface usb0.IPv6 for mDNS.
Oct 20 18:47:46 beaglebone avahi-daemon[811]: Registering new address record for fe80::b2d5:ccff:fefd:c45f on usb0.*.
Oct 20 18:47:48 beaglebone bb-wl18xx-bluetooth[2347]: Found a Texas Instruments' chip!
Oct 20 18:47:48 beaglebone bb-wl18xx-bluetooth[2347]: Firmware file : /lib/firmware/ti-connectivity/TIInit_11.8.32.bts
Oct 20 18:47:48 beaglebone bb-wl18xx-bluetooth[2347]: Loaded BTS script version 1
Oct 20 18:47:48 beaglebone bb-wl18xx-bluetooth[2347]: texas: changing baud rate to 3000000, flow control to 1
Oct 20 18:47:48 beaglebone kernel: [   51.930288] Bluetooth: Core ver 2.21
Oct 20 18:47:48 beaglebone kernel: [   51.930475] NET: Registered protocol family 31
Oct 20 18:47:48 beaglebone kernel: [   51.930486] Bluetooth: HCI device and connection manager initialized
Oct 20 18:47:48 beaglebone kernel: [   51.930514] Bluetooth: HCI socket layer initialized
Oct 20 18:47:48 beaglebone kernel: [   51.930530] Bluetooth: L2CAP socket layer initialized
Oct 20 18:47:48 beaglebone kernel: [   51.930575] Bluetooth: SCO socket layer initialized
Oct 20 18:47:48 beaglebone kernel: [   51.954522] Bluetooth: HCI UART driver ver 2.3
Oct 20 18:47:48 beaglebone kernel: [   51.954546] Bluetooth: HCI UART protocol H4 registered
Oct 20 18:47:48 beaglebone kernel: [   51.954554] Bluetooth: HCI UART protocol BCSP registered
Oct 20 18:47:48 beaglebone kernel: [   51.954561] Bluetooth: HCI UART protocol LL registered
Oct 20 18:47:48 beaglebone kernel: [   51.954568] Bluetooth: HCI UART protocol ATH3K registered
Oct 20 18:47:48 beaglebone kernel: [   51.954574] Bluetooth: HCI UART protocol Three-wire (H5) registered
Oct 20 18:47:48 beaglebone kernel: [   51.954858] Bluetooth: HCI UART protocol BCM registered
Oct 20 18:47:48 beaglebone kernel: [   51.954868] Bluetooth: HCI UART protocol QCA registered
Oct 20 18:47:48 beaglebone systemd[1]: Starting Load/Save RF Kill Switch Status...
Oct 20 18:47:48 beaglebone systemd[1]: Starting Bluetooth service...
Oct 20 18:47:48 beaglebone systemd[1]: Started Load/Save RF Kill Switch Status.
Oct 20 18:47:49 beaglebone bluetoothd[2386]: Bluetooth daemon 5.23
Oct 20 18:47:49 beaglebone systemd[1]: Started Bluetooth service.
Oct 20 18:47:49 beaglebone systemd[1]: Reached target Bluetooth.
Oct 20 18:47:49 beaglebone bluetoothd[2386]: Starting SDP server
Oct 20 18:47:49 beaglebone kernel: [   52.437447] Bluetooth: BNEP (Ethernet Emulation) ver 1.3
Oct 20 18:47:49 beaglebone kernel: [   52.437471] Bluetooth: BNEP filters: protocol multicast
Oct 20 18:47:49 beaglebone kernel: [   52.437506] Bluetooth: BNEP socket layer initialized
Oct 20 18:47:49 beaglebone bluetoothd[2386]: Bluetooth management interface 1.10 initialized
Oct 20 18:47:49 beaglebone bluetoothd[2386]: Sap driver initialization failed.
Oct 20 18:47:49 beaglebone bluetoothd[2386]: sap-server: Operation not permitted (1)
Oct 20 18:47:49 beaglebone bb-wl18xx-bluetooth[2347]: Device setup complete
Oct 20 18:47:49 beaglebone systemd[1]: Started BB WL18xx Bluetooth Service.
Oct 20 18:47:49 beaglebone systemd[1]: Started Pulse Audio.
Oct 20 18:47:49 beaglebone systemd[1]: Reached target Multi-User System.
Oct 20 18:47:49 beaglebone systemd[1]: Reached target Graphical Interface.
Oct 20 18:47:49 beaglebone systemd[1]: Starting Update UTMP about System Runlevel Changes...
Oct 20 18:47:49 beaglebone systemd[1]: Started Update UTMP about System Runlevel Changes.
Oct 20 18:47:49 beaglebone systemd[1]: Startup finished in 5.878s (kernel) + 47.315s (userspace) = 53.193s.
Oct 20 18:47:50 beaglebone pulseaudio[2394]: W: [pulseaudio] main.c: Running in system mode, but --disallow-module-loading not set!
Oct 20 18:47:50 beaglebone pulseaudio[2394]: N: [pulseaudio] main.c: Running in system mode, forcibly disabling exit idle time!
Oct 20 18:47:50 beaglebone pulseaudio[2394]: W: [pulseaudio] main.c: OK, so you are running PA in system mode. Please note that you most likely shouldn't be doing that.
Oct 20 18:47:50 beaglebone pulseaudio[2394]: W: [pulseaudio] main.c: If you do it nonetheless then it's your own fault if things don't work as expected.
Oct 20 18:47:50 beaglebone pulseaudio[2394]: W: [pulseaudio] main.c: Please read http://pulseaudio.org/wiki/WhatIsWrongWithSystemMode for an explanation why system mode is usually a bad idea.
Oct 20 18:47:50 beaglebone pulseaudio[2394]: W: [pulseaudio] authkey.c: Failed to open cookie file '/var/run/pulse/.config/pulse/cookie': No such file or directory
Oct 20 18:47:50 beaglebone pulseaudio[2394]: W: [pulseaudio] authkey.c: Failed to load authorization key '/var/run/pulse/.config/pulse/cookie': No such file or directory
Oct 20 18:47:50 beaglebone pulseaudio[2394]: W: [pulseaudio] authkey.c: Failed to open cookie file '/var/run/pulse/.pulse-cookie': No such file or directory
Oct 20 18:47:50 beaglebone pulseaudio[2394]: W: [pulseaudio] authkey.c: Failed to load authorization key '/var/run/pulse/.pulse-cookie': No such file or directory
Oct 20 18:47:50 beaglebone bluetoothd[2386]: Endpoint registered: sender=:1.8 path=/MediaEndpoint/A2DPSource
Oct 20 18:47:50 beaglebone bluetoothd[2386]: Endpoint registered: sender=:1.8 path=/MediaEndpoint/A2DPSink
Oct 20 18:47:50 beaglebone pulseaudio[2394]: E: [pulseaudio] bluez4-util.c: org.bluez.Manager.GetProperties() failed: org.freedesktop.DBus.Error.UnknownMethod: Method "GetProperties" with signature "" on interface "org.bluez.Manager" doesn't exist
Oct 20 18:47:51 beaglebone wificonfig[2171]: > wificonfig@0.1.5 start /usr/local/lib/node_modules/wificonfig
Oct 20 18:47:51 beaglebone wificonfig[2171]: > NODE_ENV=production nodejs ./bin/www
Oct 20 18:48:06 beaglebone wificonfig[2171]: info: Starting bonescript autorun service
Oct 20 18:48:06 beaglebone wificonfig[2171]: info: startWifiDog
Oct 20 18:48:06 beaglebone wifidog_server[1926]: [5][Thu Oct 20 18:48:06 2016][1931](wdctl_thread.c:280) Will restart myself
Oct 20 18:48:06 beaglebone wifidog_server[1926]: [6][Thu Oct 20 18:48:06 2016][2410](util.c:313) Closing ICMP socket
Oct 20 18:48:06 beaglebone wifidog_server[1926]: [5][Thu Oct 20 18:48:06 2016][2410](wdctl_thread.c:345) Re-executing myself (/usr/bin/wifidog)
Oct 20 18:48:06 beaglebone wifidog_server[1926]: [6][Thu Oct 20 18:48:06 2016][2410](conf.c:651) Reading configuration file '/etc/wifidog.conf'
Oct 20 18:48:06 beaglebone wifidog_server[1926]: [6][Thu Oct 20 18:48:06 2016][2410](gateway.c:116) Connecting to parent to download clients
Oct 20 18:48:06 beaglebone wifidog_server[1926]: [6][Thu Oct 20 18:48:06 2016][1931](wdctl_thread.c:331) Sent all existing clients to child.  Committing suicide!
Oct 20 18:48:06 beaglebone wifidog_server[1926]: [6][Thu Oct 20 18:48:06 2016][1931](gateway.c:264) Handler for termination caught signal 2
Oct 20 18:48:06 beaglebone wifidog_server[1926]: [6][Thu Oct 20 18:48:06 2016][1931](gateway.c:271) Cleaning up and exiting
Oct 20 18:48:06 beaglebone wifidog_server[1926]: [6][Thu Oct 20 18:48:06 2016][1931](gateway.c:274) Flushing firewall rules...
Oct 20 18:48:06 beaglebone wifidog_server[1926]: [6][Thu Oct 20 18:48:06 2016][1931](util.c:313) Closing ICMP socket
Oct 20 18:48:06 beaglebone wifidog_server[1926]: [6][Thu Oct 20 18:48:06 2016][1931](firewall.c:248) Removing Firewall rules
Oct 20 18:48:06 beaglebone wifidog_server[1926]: [6][Thu Oct 20 18:48:06 2016][2410](gateway.c:138) Connected to parent.  Downloading clients
Oct 20 18:48:06 beaglebone wifidog_server[1926]: [6][Thu Oct 20 18:48:06 2016][2410](gateway.c:229) Client list downloaded successfully from parent
Oct 20 18:48:06 beaglebone wifidog_server[1926]: [6][Thu Oct 20 18:48:06 2016][2410](gateway.c:522) Waiting for parent PID 1931 to die before continuing loading
Oct 20 18:48:07 beaglebone wifidog_server[1926]: [6][Thu Oct 20 18:48:07 2016][1931](gateway.c:283) Explicitly killing the fw_counter thread
Oct 20 18:48:07 beaglebone wifidog_server[1926]: /usr/bin/wifidog_server: line 3:  1931 Killed                  /usr/bin/wifidog -f
Oct 20 18:48:07 beaglebone systemd[1]: wifidog-gateway.service: Main process exited, code=exited, status=137/n/a
Oct 20 18:48:07 beaglebone wifidog_server[1926]: [6][Thu Oct 20 18:48:07 2016][2410](gateway.c:264) Handler for termination caught signal 2
Oct 20 18:48:07 beaglebone wifidog_server[1926]: [6][Thu Oct 20 18:48:07 2016][2410](gateway.c:271) Cleaning up and exiting
Oct 20 18:48:07 beaglebone wifidog_server[1926]: [6][Thu Oct 20 18:48:07 2016][2410](gateway.c:274) Flushing firewall rules...
Oct 20 18:48:07 beaglebone wifidog_server[1926]: [6][Thu Oct 20 18:48:07 2016][2410](util.c:313) Closing ICMP socket
Oct 20 18:48:07 beaglebone wifidog_server[1926]: [6][Thu Oct 20 18:48:07 2016][2410](firewall.c:248) Removing Firewall rules
Oct 20 18:48:07 beaglebone wificonfig[2171]: info: last pid:2549
Oct 20 18:48:07 beaglebone wificonfig[2171]: info: pid:2549
Oct 20 18:48:07 beaglebone wificonfig[2171]: info: hostapd start
Oct 20 18:48:07 beaglebone wificonfig[2171]: hostapd start
Oct 20 18:48:08 beaglebone wificonfig[2171]: info:
Oct 20 18:48:08 beaglebone wifidog_server[1926]: [5][Thu Oct 20 18:48:08 2016][2410](gateway.c:291) Exiting...
Oct 20 18:48:08 beaglebone systemd[1]: wifidog-gateway.service: Unit entered failed state.
Oct 20 18:48:08 beaglebone systemd[1]: wifidog-gateway.service: Failed with result 'exit-code'.
Oct 20 18:48:08 beaglebone kernel: [   71.600328] wlcore: down
Oct 20 18:48:08 beaglebone wificonfig[2171]: Configuration file: SoftAp0-hostapd.conf
Oct 20 18:48:08 beaglebone wificonfig[2171]: SoftAp0: interface state UNINITIALIZED->COUNTRY_UPDATE
Oct 20 18:48:08 beaglebone wificonfig[2171]: info: ConnMan init ....
Oct 20 18:48:08 beaglebone wificonfig[2171]: info: scanWifi ...
Oct 20 18:48:09 beaglebone wificonfig[2171]: info: scan ...
Oct 20 18:48:13 beaglebone kernel: [   76.670046] IPv6: ADDRCONF(NETDEV_CHANGE): SoftAp0: link becomes ready
Oct 20 18:48:13 beaglebone connmand[2216]: SoftAp0 {add} route fe80:: gw :: scope 0 <UNIVERSE>
Oct 20 18:48:13 beaglebone rsyslogd-2007: action 'action 17' suspended, next retry is Thu Oct 20 18:48:43 2016 [try http://www.rsyslog.com/e/2007 ]
Oct 20 18:48:13 beaglebone connmand[2216]: SoftAp0 {update} flags 69699 <UP,RUNNING,LOWER_UP>
Oct 20 18:48:13 beaglebone connmand[2216]: SoftAp0 {newlink} index 3 address B0:D5:CC:FD:C4:5D mtu 1500
Oct 20 18:48:13 beaglebone connmand[2216]: SoftAp0 {newlink} index 3 operstate 6 <UP>
Oct 20 18:48:13 beaglebone connmand[2216]: Ignoring interface SoftAp0 (filtered)
Oct 20 18:48:13 beaglebone systemd[1]: wifidog-gateway.service: Service hold-off time over, scheduling restart.
Oct 20 18:48:13 beaglebone systemd[1]: Stopped wifidog gateway Service.
Oct 20 18:48:13 beaglebone systemd[1]: Started wifidog gateway Service.
Oct 20 18:48:13 beaglebone wifidog_server[2643]: [6][Thu Oct 20 18:48:13 2016][2645](conf.c:651) Reading configuration file '/etc/wifidog.conf'
Oct 20 18:48:13 beaglebone wifidog_server[2643]: [6][Thu Oct 20 18:48:13 2016][2645](gateway.c:362) Setting started_time
Oct 20 18:48:13 beaglebone wifidog_server[2643]: [5][Thu Oct 20 18:48:13 2016][2645](gateway.c:395) Creating web server on 192.168.8.1:2060
Oct 20 18:48:13 beaglebone wifidog_server[2643]: [6][Thu Oct 20 18:48:13 2016][2645](util.c:313) Closing ICMP socket
Oct 20 18:48:13 beaglebone wifidog_server[2643]: [6][Thu Oct 20 18:48:13 2016][2645](firewall.c:248) Removing Firewall rules
Oct 20 18:48:14 beaglebone wifidog_server[2643]: [6][Thu Oct 20 18:48:14 2016][2645](util.c:297) Creating ICMP socket
Oct 20 18:48:14 beaglebone wifidog_server[2643]: [6][Thu Oct 20 18:48:14 2016][2645](firewall.c:203) Initializing Firewall
Oct 20 18:48:14 beaglebone wifidog_server[2643]: [6][Thu Oct 20 18:48:14 2016][2645](util.c:258) get_ext_iface(): Detected usb0 as the default interface after trying 1
Oct 20 18:48:15 beaglebone wifidog_server[2643]: [5][Thu Oct 20 18:48:15 2016][2645](gateway.c:444) Waiting for connections
Oct 20 18:48:15 beaglebone wifidog_server[2643]: [6][Thu Oct 20 18:48:15 2016][2645](wd_util.c:69) ONLINE status became ON
Oct 20 18:48:15 beaglebone wifidog_server[2643]: [6][Thu Oct 20 18:48:15 2016][2645](firewall.c:227) Clearing the authservers list
Oct 20 18:48:15 beaglebone wifidog_server[2643]: [6][Thu Oct 20 18:48:15 2016][2645](firewall.c:236) Setting the authservers list
Oct 20 18:48:15 beaglebone wifidog_server[2643]: [6][Thu Oct 20 18:48:15 2016][2645](wd_util.c:116) AUTH_ONLINE status became ON
Oct 20 18:48:15 beaglebone avahi-daemon[811]: Joining mDNS multicast group on interface SoftAp0.IPv6 with address fe80::b2d5:ccff:fefd:c45d.
Oct 20 18:48:15 beaglebone avahi-daemon[811]: New relevant interface SoftAp0.IPv6 for mDNS.
Oct 20 18:48:15 beaglebone avahi-daemon[811]: Registering new address record for fe80::b2d5:ccff:fefd:c45d on SoftAp0.*.
Oct 20 18:48:47 beaglebone rsyslogd-2007: action 'action 17' suspended, next retry is Thu Oct 20 18:49:17 2016 [try http://www.rsyslog.com/e/2007 ]
Oct 20 18:48:47 beaglebone systemd[1]: Stopped target Graphical Interface.
Oct 20 18:48:47 beaglebone systemd[1]: Stopped target System Time Synchronized.
Oct 20 18:48:47 beaglebone haveged[738]: haveged: Stopping due to signal 15
Oct 20 18:48:47 beaglebone haveged[738]: haveged starting up
Oct 20 18:48:47 beaglebone systemd[1]: Stopping Entropy daemon using the HAVEGE algorithm...
Oct 20 18:48:47 beaglebone systemd[1]: Reached target Unmount All Filesystems.
Oct 20 18:48:47 beaglebone systemd[1]: Starting Store Sound Card State...
Oct 20 18:48:47 beaglebone systemd[1]: Stopped target Bluetooth.
Oct 20 18:48:47 beaglebone systemd[1]: Stopping wificonfig Service...
Oct 20 18:48:47 beaglebone kernel: [  111.303524] wlcore: down
Oct 20 18:48:47 beaglebone systemd[1]: Closed Load/Save RF Kill Switch Status /dev/rfkill Watch.
Oct 20 18:48:48 beaglebone systemd[1]: Stopped target Multi-User System.
Oct 20 18:48:48 beaglebone systemd[1]: Stopping Pulse Audio...
Oct 20 18:48:48 beaglebone rsyslogd: [origin software="rsyslogd" swVersion="8.4.2" x-pid="815" x-info="http://www.rsyslog.com"] exiting on signal 15.
Oct 20 18:47:07 beaglebone rsyslogd: [origin software="rsyslogd" swVersion="8.4.2" x-pid="731" x-info="http://www.rsyslog.com"] start
Oct 20 18:47:07 beaglebone systemd[1]: Mounted FUSE Control File System.
Oct 20 18:47:07 beaglebone systemd[1]: Started Load/Save Random Seed.
Oct 20 18:47:07 beaglebone systemd[1]: Started Create Static Device Nodes in /dev.
Oct 20 18:47:07 beaglebone systemd[1]: Started Apply Kernel Variables.
Oct 20 18:47:07 beaglebone systemd[1]: Starting udev Kernel Device Manager...
Oct 20 18:47:07 beaglebone systemd[1]: Reached target Local File Systems (Pre).
Oct 20 18:47:07 beaglebone systemd[1]: Reached target Local File Systems.
Oct 20 18:47:07 beaglebone systemd[1]: Starting Raise network interfaces...
Oct 20 18:47:07 beaglebone systemd[1]: Starting Flush Journal to Persistent Storage...
Oct 20 18:47:07 beaglebone systemd[1]: Started Flush Journal to Persistent Storage.
Oct 20 18:47:07 beaglebone systemd[1]: Started udev Kernel Device Manager.
Oct 20 18:47:07 beaglebone systemd[1]: Starting LSB: Tune IDE hard disks...
Oct 20 18:47:07 beaglebone systemd[1]: Starting Create Volatile Files and Directories...
Oct 20 18:47:07 beaglebone systemd[1]: Started Create Volatile Files and Directories.
Oct 20 18:47:07 beaglebone systemd[1]: Starting Network Time Synchronization...
Oct 20 18:47:07 beaglebone systemd[1]: Starting Update UTMP about System Boot/Shutdown...
Oct 20 18:47:07 beaglebone hdparm[590]: Setting parameters of disc: (none).
Oct 20 18:47:07 beaglebone systemd[1]: Started LSB: Tune IDE hard disks.
Oct 20 18:47:07 beaglebone systemd-timesyncd[621]: System clock time unset or jumped backwards, restoring from recorded timestamp: Thu 2016-10-20 18:47:06 UTC
Oct 20 18:47:07 beaglebone systemd[1]: Started Update UTMP about System Boot/Shutdown.
Oct 20 18:47:07 beaglebone systemd[1]: Started Network Time Synchronization.
Oct 20 18:47:07 beaglebone systemd[1]: Time has been changed
Oct 20 18:47:07 beaglebone systemd[1]: Reached target System Time Synchronized.
Oct 20 18:47:07 beaglebone systemd[1]: Reloading.
Oct 20 18:47:07 beaglebone systemd[1]: Started udev Coldplug all Devices.
Oct 20 18:47:07 beaglebone systemd[1]: Reached target System Initialization.
Oct 20 18:47:07 beaglebone systemd[1]: Started Daily Cleanup of Temporary Directories.
Oct 20 18:47:07 beaglebone systemd[1]: Reached target Timers.
Oct 20 18:47:07 beaglebone systemd[1]: Listening on gcp-iot-demo.socket.
Oct 20 18:47:07 beaglebone systemd[1]: Listening on node-red.socket.
Oct 20 18:47:07 beaglebone systemd[1]: Listening on cloud9.socket.
Oct 20 18:47:07 beaglebone systemd[1]: Listening on D-Bus System Message Bus Socket.
Oct 20 18:47:07 beaglebone systemd[1]: Listening on Avahi mDNS/DNS-SD Stack Activation Socket.
Oct 20 18:47:07 beaglebone systemd[1]: Reached target Sockets.
Oct 20 18:47:07 beaglebone systemd[1]: Reached target Basic System.
Oct 20 18:47:07 beaglebone kernel: [    0.000000] Booting Linux on physical CPU 0x0
Oct 20 18:47:07 beaglebone kernel: [    0.000000] Initializing cgroup subsys cpuset
Oct 20 18:47:07 beaglebone kernel: [    0.000000] Initializing cgroup subsys cpu
Oct 20 18:47:07 beaglebone kernel: [    0.000000] Initializing cgroup subsys cpuacct
Oct 20 18:47:07 beaglebone kernel: [    0.000000] Linux version 4.4.24-ti-r58 (root@a2-imx6q-wandboard-2gb) (gcc version 4.9.2 (Debian 4.9.2-10) ) #1 SMP Thu Oct 20 17:16:05 UTC 2016
Oct 20 18:47:07 beaglebone kernel: [    0.000000] CPU: ARMv7 Processor [413fc082] revision 2 (ARMv7), cr=50c5387d
Oct 20 18:47:07 beaglebone kernel: [    0.000000] CPU: PIPT / VIPT nonaliasing data cache, VIPT aliasing instruction cache
Oct 20 18:47:07 beaglebone kernel: [    0.000000] Machine model: TI AM335x BeagleBone Green Wireless
Oct 20 18:47:07 beaglebone kernel: [    0.000000] cma: Reserved 48 MiB at 0x9c800000
Oct 20 18:47:07 beaglebone kernel: [    0.000000] Memory policy: Data cache writeback
Oct 20 18:47:07 beaglebone kernel: [    0.000000] On node 0 totalpages: 130560
Oct 20 18:47:07 beaglebone kernel: [    0.000000] free_area_init_node: node 0, pgdat c0c7ed40, node_mem_map df961000
Oct 20 18:47:07 beaglebone kernel: [    0.000000]   Normal zone: 1152 pages used for memmap
Oct 20 18:47:07 beaglebone kernel: [    0.000000]   Normal zone: 0 pages reserved
Oct 20 18:47:07 beaglebone kernel: [    0.000000]   Normal zone: 130560 pages, LIFO batch:31
Oct 20 18:47:07 beaglebone kernel: [    0.000000] CPU: All CPU(s) started in SVC mode.
Oct 20 18:47:07 beaglebone kernel: [    0.000000] AM335X ES2.1 (sgx neon )
Oct 20 18:47:07 beaglebone kernel: [    0.000000] PERCPU: Embedded 13 pages/cpu @df917000 s24320 r8192 d20736 u53248
Oct 20 18:47:07 beaglebone kernel: [    0.000000] pcpu-alloc: s24320 r8192 d20736 u53248 alloc=13*4096
Oct 20 18:47:07 beaglebone kernel: [    0.000000] pcpu-alloc: [0] 0 
Oct 20 18:47:07 beaglebone kernel: [    0.000000] Built 1 zonelists in Zone order, mobility grouping on.  Total pages: 129408
Oct 20 18:47:07 beaglebone kernel: [    0.000000] Kernel command line: console=ttyO0,115200n8 root=UUID=cf0d44d3-44c2-418f-ba88-c138c5c62003 ro rootfstype=ext4 rootwait coherent_pool=1M quiet cape_universal=enable
Oct 20 18:47:07 beaglebone kernel: [    0.000000] PID hash table entries: 2048 (order: 1, 8192 bytes)
Oct 20 18:47:07 beaglebone kernel: [    0.000000] Dentry cache hash table entries: 65536 (order: 6, 262144 bytes)
Oct 20 18:47:07 beaglebone kernel: [    0.000000] Inode-cache hash table entries: 32768 (order: 5, 131072 bytes)
Oct 20 18:47:07 beaglebone kernel: [    0.000000] Memory: 448840K/522240K available (7548K kernel code, 915K rwdata, 3788K rodata, 612K init, 907K bss, 24248K reserved, 49152K cma-reserved, 0K highmem)
Oct 20 18:47:07 beaglebone kernel: [    0.000000] Virtual kernel memory layout:
Oct 20 18:47:07 beaglebone kernel: [    0.000000]     vector  : 0xffff0000 - 0xffff1000   (   4 kB)
Oct 20 18:47:07 beaglebone kernel: [    0.000000]     fixmap  : 0xffc00000 - 0xfff00000   (3072 kB)
Oct 20 18:47:07 beaglebone kernel: [    0.000000]     vmalloc : 0xe0800000 - 0xff800000   ( 496 MB)
Oct 20 18:47:07 beaglebone kernel: [    0.000000]     lowmem  : 0xc0000000 - 0xe0000000   ( 512 MB)
Oct 20 18:47:07 beaglebone kernel: [    0.000000]     pkmap   : 0xbfe00000 - 0xc0000000   (   2 MB)
Oct 20 18:47:07 beaglebone kernel: [    0.000000]     modules : 0xbf800000 - 0xbfe00000   (   6 MB)
Oct 20 18:47:07 beaglebone kernel: [    0.000000]       .text : 0xc0008000 - 0xc0b1a354   (11337 kB)
Oct 20 18:47:07 beaglebone kernel: [    0.000000]       .init : 0xc0b1b000 - 0xc0bb4000   ( 612 kB)
Oct 20 18:47:07 beaglebone kernel: [    0.000000]       .data : 0xc0bb4000 - 0xc0c98ee8   ( 916 kB)
Oct 20 18:47:07 beaglebone kernel: [    0.000000]        .bss : 0xc0c9b000 - 0xc0d7dfa8   ( 908 kB)
Oct 20 18:47:07 beaglebone kernel: [    0.000000] SLUB: HWalign=64, Order=0-3, MinObjects=0, CPUs=1, Nodes=1
Oct 20 18:47:07 beaglebone kernel: [    0.000000] Hierarchical RCU implementation.
Oct 20 18:47:07 beaglebone kernel: [    0.000000] 	Build-time adjustment of leaf fanout to 32.
Oct 20 18:47:07 beaglebone kernel: [    0.000000] 	RCU restricting CPUs from NR_CPUS=2 to nr_cpu_ids=1.
Oct 20 18:47:07 beaglebone kernel: [    0.000000] RCU: Adjusting geometry for rcu_fanout_leaf=32, nr_cpu_ids=1
Oct 20 18:47:07 beaglebone kernel: [    0.000000] NR_IRQS:16 nr_irqs:16 16
Oct 20 18:47:07 beaglebone kernel: [    0.000000] IRQ: Found an INTC at 0xfa200000 (revision 5.0) with 128 interrupts
Oct 20 18:47:07 beaglebone kernel: [    0.000000] OMAP clockevent source: timer2 at 24000000 Hz
Oct 20 18:47:07 beaglebone kernel: [    0.000012] sched_clock: 32 bits at 24MHz, resolution 41ns, wraps every 89478484971ns
Oct 20 18:47:07 beaglebone kernel: [    0.000032] clocksource: timer1: mask: 0xffffffff max_cycles: 0xffffffff, max_idle_ns: 79635851949 ns
Oct 20 18:47:07 beaglebone kernel: [    0.000044] OMAP clocksource: timer1 at 24000000 Hz
Oct 20 18:47:07 beaglebone kernel: [    0.001238] clocksource_probe: no matching clocksources found
Oct 20 18:47:07 beaglebone kernel: [    0.001426] Console: colour dummy device 80x30
Oct 20 18:47:07 beaglebone kernel: [    0.001453] WARNING: Your 'console=ttyO0' has been replaced by 'ttyS0'
Oct 20 18:47:07 beaglebone kernel: [    0.001461] This ensures that you still see kernel messages. Please
Oct 20 18:47:07 beaglebone kernel: [    0.001467] update your kernel commandline.
Oct 20 18:47:07 beaglebone kernel: [    0.001483] Calibrating delay loop... 995.32 BogoMIPS (lpj=1990656)
Oct 20 18:47:07 beaglebone kernel: [    0.046880] pid_max: default: 32768 minimum: 301
Oct 20 18:47:07 beaglebone kernel: [    0.047018] Security Framework initialized
Oct 20 18:47:07 beaglebone kernel: [    0.047031] Yama: becoming mindful.
Oct 20 18:47:07 beaglebone kernel: [    0.047065] AppArmor: AppArmor disabled by boot time parameter
Oct 20 18:47:07 beaglebone kernel: [    0.047223] Mount-cache hash table entries: 1024 (order: 0, 4096 bytes)
Oct 20 18:47:07 beaglebone kernel: [    0.047235] Mountpoint-cache hash table entries: 1024 (order: 0, 4096 bytes)
Oct 20 18:47:07 beaglebone kernel: [    0.048011] Initializing cgroup subsys io
Oct 20 18:47:07 beaglebone kernel: [    0.048042] Initializing cgroup subsys memory
Oct 20 18:47:07 beaglebone kernel: [    0.048084] Initializing cgroup subsys devices
Oct 20 18:47:07 beaglebone kernel: [    0.048101] Initializing cgroup subsys freezer
Oct 20 18:47:07 beaglebone kernel: [    0.048117] Initializing cgroup subsys net_cls
Oct 20 18:47:07 beaglebone kernel: [    0.048130] Initializing cgroup subsys perf_event
Oct 20 18:47:07 beaglebone kernel: [    0.048145] Initializing cgroup subsys net_prio
Oct 20 18:47:07 beaglebone kernel: [    0.048168] Initializing cgroup subsys pids
Oct 20 18:47:07 beaglebone kernel: [    0.048218] CPU: Testing write buffer coherency: ok
Oct 20 18:47:07 beaglebone kernel: [    0.048272] ftrace: allocating 34600 entries in 68 pages
Oct 20 18:47:07 beaglebone kernel: [    0.134237] CPU0: thread -1, cpu 0, socket -1, mpidr 0
Oct 20 18:47:07 beaglebone kernel: [    0.134353] Setting up static identity map for 0x80008240 - 0x8000828c
Oct 20 18:47:07 beaglebone kernel: [    0.138152] Brought up 1 CPUs
Oct 20 18:47:07 beaglebone kernel: [    0.138174] SMP: Total of 1 processors activated (995.32 BogoMIPS).
Oct 20 18:47:07 beaglebone kernel: [    0.138182] CPU: All CPU(s) started in SVC mode.
Oct 20 18:47:07 beaglebone kernel: [    0.139763] devtmpfs: initialized
Oct 20 18:47:07 beaglebone kernel: [    0.159459] VFP support v0.3: implementor 41 architecture 3 part 30 variant c rev 3
Oct 20 18:47:07 beaglebone kernel: [    0.177885] omap_hwmod: debugss: _wait_target_disable failed
Oct 20 18:47:07 beaglebone kernel: [    0.231633] clocksource: jiffies: mask: 0xffffffff max_cycles: 0xffffffff, max_idle_ns: 7645041785100000 ns
Oct 20 18:47:07 beaglebone kernel: [    0.235389] xor: measuring software checksum speed
Oct 20 18:47:07 beaglebone kernel: [    0.274879]    arm4regs  :  1221.000 MB/sec
Oct 20 18:47:07 beaglebone kernel: [    0.314886]    8regs     :  1094.000 MB/sec
Oct 20 18:47:07 beaglebone kernel: [    0.354878]    32regs    :  1153.000 MB/sec
Oct 20 18:47:07 beaglebone kernel: [    0.394876]    neon      :  1755.000 MB/sec
Oct 20 18:47:07 beaglebone kernel: [    0.394884] xor: using function: neon (1755.000 MB/sec)
Oct 20 18:47:07 beaglebone kernel: [    0.394983] pinctrl core: initialized pinctrl subsystem
Oct 20 18:47:07 beaglebone kernel: [    0.396922] NET: Registered protocol family 16
Oct 20 18:47:07 beaglebone kernel: [    0.400424] DMA: preallocated 1024 KiB pool for atomic coherent allocations
Oct 20 18:47:07 beaglebone kernel: [    0.401629] cpuidle: using governor ladder
Oct 20 18:47:07 beaglebone kernel: [    0.401651] cpuidle: using governor menu
Oct 20 18:47:07 beaglebone kernel: [    0.406797] OMAP GPIO hardware version 0.1
Oct 20 18:47:07 beaglebone kernel: [    0.409155] GPIO line 112 (MCASP0_AXR0) hogged as output/low
Oct 20 18:47:07 beaglebone kernel: [    0.417932] No ATAGs?
Oct 20 18:47:07 beaglebone kernel: [    0.417961] hw-breakpoint: debug architecture 0x4 unsupported.
Oct 20 18:47:07 beaglebone kernel: [    0.418523] omap4_sram_init:Unable to allocate sram needed to handle errata I688
Oct 20 18:47:07 beaglebone kernel: [    0.418537] omap4_sram_init:Unable to get sram pool needed to handle errata I688
Oct 20 18:47:07 beaglebone kernel: [    0.495089] raid6: int32x1  gen()   264 MB/s
Oct 20 18:47:07 beaglebone kernel: [    0.562952] raid6: int32x1  xor()   240 MB/s
Oct 20 18:47:07 beaglebone kernel: [    0.631037] raid6: int32x2  gen()   375 MB/s
Oct 20 18:47:07 beaglebone kernel: [    0.698940] raid6: int32x2  xor()   280 MB/s
Oct 20 18:47:07 beaglebone kernel: [    0.766994] raid6: int32x4  gen()   391 MB/s
Oct 20 18:47:07 beaglebone kernel: [    0.834905] raid6: int32x4  xor()   264 MB/s
Oct 20 18:47:07 beaglebone kernel: [    0.902901] raid6: int32x8  gen()   358 MB/s
Oct 20 18:47:07 beaglebone kernel: [    0.970998] raid6: int32x8  xor()   232 MB/s
Oct 20 18:47:07 beaglebone kernel: [    1.038918] raid6: neonx1   gen()  1450 MB/s
Oct 20 18:47:07 beaglebone kernel: [    1.106904] raid6: neonx1   xor()   845 MB/s
Oct 20 18:47:07 beaglebone kernel: [    1.174882] raid6: neonx2   gen()  1881 MB/s
Oct 20 18:47:07 beaglebone kernel: [    1.242887] raid6: neonx2   xor()  1174 MB/s
Oct 20 18:47:07 beaglebone kernel: [    1.310875] raid6: neonx4   gen()  1991 MB/s
Oct 20 18:47:07 beaglebone kernel: [    1.378878] raid6: neonx4   xor()  1205 MB/s
Oct 20 18:47:07 beaglebone kernel: [    1.446886] raid6: neonx8   gen()  1210 MB/s
Oct 20 18:47:07 beaglebone kernel: [    1.514875] raid6: neonx8   xor()   671 MB/s
Oct 20 18:47:07 beaglebone kernel: [    1.514883] raid6: using algorithm neonx4 gen() 1991 MB/s
Oct 20 18:47:07 beaglebone kernel: [    1.514889] raid6: .... xor() 1205 MB/s, rmw enabled
Oct 20 18:47:07 beaglebone kernel: [    1.514896] raid6: using intx1 recovery algorithm
Oct 20 18:47:07 beaglebone kernel: [    1.523628] edma 49000000.edma: TI EDMA DMA engine driver
Oct 20 18:47:07 beaglebone kernel: [    1.528694] SCSI subsystem initialized
Oct 20 18:47:07 beaglebone kernel: [    1.529064] libata version 3.00 loaded.
Oct 20 18:47:07 beaglebone kernel: [    1.529394] usbcore: registered new interface driver usbfs
Oct 20 18:47:07 beaglebone kernel: [    1.529464] usbcore: registered new interface driver hub
Oct 20 18:47:07 beaglebone kernel: [    1.529561] usbcore: registered new device driver usb
Oct 20 18:47:07 beaglebone kernel: [    1.530113] omap_i2c 44e0b000.i2c: could not find pctldev for node /ocp/l4_wkup@44c00000/scm@210000/pinmux@800/pinmux_i2c0_pins, deferring probe
Oct 20 18:47:07 beaglebone kernel: [    1.530159] omap_i2c 4819c000.i2c: could not find pctldev for node /ocp/l4_wkup@44c00000/scm@210000/pinmux@800/pinmux_i2c2_pins, deferring probe
Oct 20 18:47:07 beaglebone kernel: [    1.530268] media: Linux media interface: v0.10
Oct 20 18:47:07 beaglebone kernel: [    1.530323] Linux video capture interface: v2.00
Oct 20 18:47:07 beaglebone kernel: [    1.530432] pps_core: LinuxPPS API ver. 1 registered
Oct 20 18:47:07 beaglebone kernel: [    1.530439] pps_core: Software ver. 5.3.6 - Copyright 2005-2007 Rodolfo Giometti <giometti@linux.it>
Oct 20 18:47:07 beaglebone kernel: [    1.530470] PTP clock support registered
Oct 20 18:47:07 beaglebone kernel: [    1.531352] omap-mailbox 480c8000.mailbox: omap mailbox rev 0x400
Oct 20 18:47:07 beaglebone kernel: [    1.532576] NetLabel: Initializing
Oct 20 18:47:07 beaglebone kernel: [    1.532588] NetLabel:  domain hash size = 128
Oct 20 18:47:07 beaglebone kernel: [    1.532594] NetLabel:  protocols = UNLABELED CIPSOv4
Oct 20 18:47:07 beaglebone kernel: [    1.532651] NetLabel:  unlabeled traffic allowed by default
Oct 20 18:47:07 beaglebone kernel: [    1.532995] clocksource: Switched to clocksource timer1
Oct 20 18:47:07 beaglebone kernel: [    1.638671] NET: Registered protocol family 2
Oct 20 18:47:07 beaglebone kernel: [    1.639416] TCP established hash table entries: 4096 (order: 2, 16384 bytes)
Oct 20 18:47:07 beaglebone kernel: [    1.639465] TCP bind hash table entries: 4096 (order: 3, 32768 bytes)
Oct 20 18:47:07 beaglebone kernel: [    1.639523] TCP: Hash tables configured (established 4096 bind 4096)
Oct 20 18:47:07 beaglebone kernel: [    1.639590] UDP hash table entries: 256 (order: 1, 8192 bytes)
Oct 20 18:47:07 beaglebone kernel: [    1.639610] UDP-Lite hash table entries: 256 (order: 1, 8192 bytes)
Oct 20 18:47:07 beaglebone kernel: [    1.639909] NET: Registered protocol family 1
Oct 20 18:47:07 beaglebone kernel: [    1.640429] RPC: Registered named UNIX socket transport module.
Oct 20 18:47:07 beaglebone kernel: [    1.640441] RPC: Registered udp transport module.
Oct 20 18:47:07 beaglebone kernel: [    1.640448] RPC: Registered tcp transport module.
Oct 20 18:47:07 beaglebone kernel: [    1.640454] RPC: Registered tcp NFSv4.1 backchannel transport module.
Oct 20 18:47:07 beaglebone kernel: [    1.641179] Unpacking initramfs...
Oct 20 18:47:07 beaglebone kernel: [    1.996298] Freeing initrd memory: 4968K (cfb26000 - d0000000)
Oct 20 18:47:07 beaglebone kernel: [    1.996972] hw perfevents: enabled with armv7_cortex_a8 PMU driver, 5 counters available
Oct 20 18:47:07 beaglebone kernel: [    1.999420] futex hash table entries: 256 (order: 2, 16384 bytes)
Oct 20 18:47:07 beaglebone kernel: [    1.999527] audit: initializing netlink subsys (disabled)
Oct 20 18:47:07 beaglebone kernel: [    1.999604] audit: type=2000 audit(1.936:1): initialized
Oct 20 18:47:07 beaglebone kernel: [    2.009362] zbud: loaded
Oct 20 18:47:07 beaglebone kernel: [    2.009986] VFS: Disk quotas dquot_6.6.0
Oct 20 18:47:07 beaglebone kernel: [    2.010232] VFS: Dquot-cache hash table entries: 1024 (order 0, 4096 bytes)
Oct 20 18:47:07 beaglebone kernel: [    2.012766] NFS: Registering the id_resolver key type
Oct 20 18:47:07 beaglebone kernel: [    2.012825] Key type id_resolver registered
Oct 20 18:47:07 beaglebone kernel: [    2.012834] Key type id_legacy registered
Oct 20 18:47:07 beaglebone kernel: [    2.012859] nfs4filelayout_init: NFSv4 File Layout Driver Registering...
Oct 20 18:47:07 beaglebone kernel: [    2.013271] fuse init (API version 7.23)
Oct 20 18:47:07 beaglebone kernel: [    2.013871] SGI XFS with ACLs, security attributes, realtime, no debug enabled
Oct 20 18:47:07 beaglebone kernel: [    2.021605] Block layer SCSI generic (bsg) driver version 0.4 loaded (major 249)
Oct 20 18:47:07 beaglebone kernel: [    2.021826] io scheduler noop registered
Oct 20 18:47:07 beaglebone kernel: [    2.021842] io scheduler deadline registered
Oct 20 18:47:07 beaglebone kernel: [    2.021904] io scheduler cfq registered (default)
Oct 20 18:47:07 beaglebone kernel: [    2.023158] pinctrl-single 44e10800.pinmux: 142 pins at pa f9e10800 size 568
Oct 20 18:47:07 beaglebone kernel: [    2.024757] wkup_m3_ipc 44e11324.wkup_m3_ipc: could not get rproc handle
Oct 20 18:47:07 beaglebone kernel: [    2.026137] Serial: 8250/16550 driver, 6 ports, IRQ sharing disabled
Oct 20 18:47:07 beaglebone kernel: [    2.028867] 44e09000.serial: ttyS0 at MMIO 0x44e09000 (irq = 158, base_baud = 3000000) is a 8250
Oct 20 18:47:07 beaglebone kernel: [    2.042330] console [ttyS0] enabled
Oct 20 18:47:07 beaglebone kernel: [    2.043225] 481a6000.serial: ttyS3 at MMIO 0x481a6000 (irq = 159, base_baud = 3000000) is a 8250
Oct 20 18:47:07 beaglebone kernel: [    2.044573] [drm] Initialized drm 1.1.0 20060810
Oct 20 18:47:07 beaglebone kernel: [    2.049400] ehci_hcd: USB 2.0 'Enhanced' Host Controller (EHCI) Driver
Oct 20 18:47:07 beaglebone kernel: [    2.049457] ehci-platform: EHCI generic platform driver
Oct 20 18:47:07 beaglebone kernel: [    2.049626] ehci-omap: OMAP-EHCI Host Controller driver
Oct 20 18:47:07 beaglebone kernel: [    2.050005] usbcore: registered new interface driver usb-storage
Oct 20 18:47:07 beaglebone kernel: [    2.051947] 47401300.usb-phy supply vcc not found, using dummy regulator
Oct 20 18:47:07 beaglebone kernel: [    2.054436] musb-hdrc: ConfigData=0xde (UTMI-8, dyn FIFOs, bulk combine, bulk split, HB-ISO Rx, HB-ISO Tx, SoftConn)
Oct 20 18:47:07 beaglebone kernel: [    2.054453] musb-hdrc: MHDRC RTL version 2.0 
Oct 20 18:47:07 beaglebone kernel: [    2.054461] musb-hdrc: setup fifo_mode 4
Oct 20 18:47:07 beaglebone kernel: [    2.054478] musb-hdrc: 28/31 max ep, 16384/16384 memory
Oct 20 18:47:07 beaglebone kernel: [    2.055916] 47401b00.usb-phy supply vcc not found, using dummy regulator
Oct 20 18:47:07 beaglebone kernel: [    2.058174] musb-hdrc: ConfigData=0xde (UTMI-8, dyn FIFOs, bulk combine, bulk split, HB-ISO Rx, HB-ISO Tx, SoftConn)
Oct 20 18:47:07 beaglebone kernel: [    2.058189] musb-hdrc: MHDRC RTL version 2.0 
Oct 20 18:47:07 beaglebone kernel: [    2.058197] musb-hdrc: setup fifo_mode 4
Oct 20 18:47:07 beaglebone kernel: [    2.058211] musb-hdrc: 28/31 max ep, 16384/16384 memory
Oct 20 18:47:07 beaglebone kernel: [    2.058361] musb-hdrc musb-hdrc.1.auto: MUSB HDRC host driver
Oct 20 18:47:07 beaglebone kernel: [    2.058392] musb-hdrc musb-hdrc.1.auto: new USB bus registered, assigned bus number 1
Oct 20 18:47:07 beaglebone kernel: [    2.058625] usb usb1: New USB device found, idVendor=1d6b, idProduct=0002
Oct 20 18:47:07 beaglebone kernel: [    2.058638] usb usb1: New USB device strings: Mfr=3, Product=2, SerialNumber=1
Oct 20 18:47:07 beaglebone kernel: [    2.058648] usb usb1: Product: MUSB HDRC host driver
Oct 20 18:47:07 beaglebone kernel: [    2.058656] usb usb1: Manufacturer: Linux 4.4.24-ti-r58 musb-hcd
Oct 20 18:47:07 beaglebone kernel: [    2.058665] usb usb1: SerialNumber: musb-hdrc.1.auto
Oct 20 18:47:07 beaglebone kernel: [    2.059431] hub 1-0:1.0: USB hub found
Oct 20 18:47:07 beaglebone kernel: [    2.059482] hub 1-0:1.0: 1 port detected
Oct 20 18:47:07 beaglebone kernel: [    2.068622] mousedev: PS/2 mouse device common for all mice
Oct 20 18:47:07 beaglebone kernel: [    2.071008] omap_rtc 44e3e000.rtc: rtc core: registered 44e3e000.rtc as rtc0
Oct 20 18:47:07 beaglebone kernel: [    2.071742] i2c /dev entries driver
